Jan 10 00:42:03 mightymoose rsyslogd: [origin software="rsyslogd" swVersion="5.8.6" x-pid="1233" x-info="http://www.rsyslog.com"] rsyslogd was HUPed
Jan 10 00:42:03 mightymoose rsyslogd: [origin software="rsyslogd" swVersion="5.8.6" x-pid="1233" x-info="http://www.rsyslog.com"] rsyslogd was HUPed
Jan 10 00:42:04 mightymoose anacron[1394]: Job `cron.daily' terminated
Jan 10 00:42:04 mightymoose anacron[1394]: Normal exit (1 job run)
Jan 10 00:51:56 mightymoose dbus[1198]: [system] Activating service name='com.ubuntu.SystemService' (using servicehelper)
Jan 10 00:51:56 mightymoose dbus[1198]: [system] Successfully activated service 'com.ubuntu.SystemService'
Jan 10 01:09:01 mightymoose CRON[14952]: (root) CMD (  [ -x /usr/lib/php5/maxlifetime ] && [ -d /var/lib/php5 ] && find /var/lib/php5/ -depth -mindepth 1 -maxdepth 1 -type f -cmin +$(/usr/lib/php5/maxlifetime) ! -execdir fuser -s {} 2>/dev/null \; -delete)
Jan 10 01:17:01 mightymoose CRON[27898]: (root) CMD (   cd / && run-parts --report /etc/cron.hourly)
Jan 10 01:18:16 mightymoose wpa_supplicant[1509]: WPA: Group rekeying completed with 00:46:9a:f9:d5:d6 [GTK=TKIP]
Jan 10 01:39:01 mightymoose CRON[31359]: (root) CMD (  [ -x /usr/lib/php5/maxlifetime ] && [ -d /var/lib/php5 ] && find /var/lib/php5/ -depth -mindepth 1 -maxdepth 1 -type f -cmin +$(/usr/lib/php5/maxlifetime) ! -execdir fuser -s {} 2>/dev/null \; -delete)
Jan 10 02:09:01 mightymoose CRON[15631]: (root) CMD (  [ -x /usr/lib/php5/maxlifetime ] && [ -d /var/lib/php5 ] && find /var/lib/php5/ -depth -mindepth 1 -maxdepth 1 -type f -cmin +$(/usr/lib/php5/maxlifetime) ! -execdir fuser -s {} 2>/dev/null \; -delete)
Jan 10 02:17:01 mightymoose CRON[28578]: (root) CMD (   cd / && run-parts --report /etc/cron.hourly)
Jan 10 02:18:16 mightymoose wpa_supplicant[1509]: WPA: Group rekeying completed with 00:46:9a:f9:d5:d6 [GTK=TKIP]
Jan 10 02:18:16 mightymoose wpa_supplicant[1509]: WPA: Group rekeying completed with 00:46:9a:f9:d5:d6 [GTK=TKIP]
Jan 10 02:39:01 mightymoose CRON[32037]: (root) CMD (  [ -x /usr/lib/php5/maxlifetime ] && [ -d /var/lib/php5 ] && find /var/lib/php5/ -depth -mindepth 1 -maxdepth 1 -type f -cmin +$(/usr/lib/php5/maxlifetime) ! -execdir fuser -s {} 2>/dev/null \; -delete)
Jan 10 03:09:01 mightymoose CRON[16307]: (root) CMD (  [ -x /usr/lib/php5/maxlifetime ] && [ -d /var/lib/php5 ] && find /var/lib/php5/ -depth -mindepth 1 -maxdepth 1 -type f -cmin +$(/usr/lib/php5/maxlifetime) ! -execdir fuser -s {} 2>/dev/null \; -delete)
Jan 10 03:17:01 mightymoose CRON[29253]: (root) CMD (   cd / && run-parts --report /etc/cron.hourly)
Jan 10 03:18:16 mightymoose wpa_supplicant[1509]: WPA: Group rekeying completed with 00:46:9a:f9:d5:d6 [GTK=TKIP]
Jan 10 03:39:01 mightymoose CRON[32712]: (root) CMD (  [ -x /usr/lib/php5/maxlifetime ] && [ -d /var/lib/php5 ] && find /var/lib/php5/ -depth -mindepth 1 -maxdepth 1 -type f -cmin +$(/usr/lib/php5/maxlifetime) ! -execdir fuser -s {} 2>/dev/null \; -delete)
Jan 10 04:09:01 mightymoose CRON[16982]: (root) CMD (  [ -x /usr/lib/php5/maxlifetime ] && [ -d /var/lib/php5 ] && find /var/lib/php5/ -depth -mindepth 1 -maxdepth 1 -type f -cmin +$(/usr/lib/php5/maxlifetime) ! -execdir fuser -s {} 2>/dev/null \; -delete)
Jan 10 04:17:01 mightymoose CRON[29928]: (root) CMD (   cd / && run-parts --report /etc/cron.hourly)
Jan 10 04:18:17 mightymoose wpa_supplicant[1509]: WPA: Group rekeying completed with 00:46:9a:f9:d5:d6 [GTK=TKIP]
Jan 10 04:39:01 mightymoose CRON[937]: (root) CMD (  [ -x /usr/lib/php5/maxlifetime ] && [ -d /var/lib/php5 ] && find /var/lib/php5/ -depth -mindepth 1 -maxdepth 1 -type f -cmin +$(/usr/lib/php5/maxlifetime) ! -execdir fuser -s {} 2>/dev/null \; -delete)
Jan 10 05:09:01 mightymoose CRON[17656]: (root) CMD (  [ -x /usr/lib/php5/maxlifetime ] && [ -d /var/lib/php5 ] && find /var/lib/php5/ -depth -mindepth 1 -maxdepth 1 -type f -cmin +$(/usr/lib/php5/maxlifetime) ! -execdir fuser -s {} 2>/dev/null \; -delete)
Jan 10 05:17:01 mightymoose CRON[30601]: (root) CMD (   cd / && run-parts --report /etc/cron.hourly)
Jan 10 05:18:17 mightymoose wpa_supplicant[1509]: WPA: Group rekeying completed with 00:46:9a:f9:d5:d6 [GTK=TKIP]
Jan 10 05:39:01 mightymoose CRON[1660]: (root) CMD (  [ -x /usr/lib/php5/maxlifetime ] && [ -d /var/lib/php5 ] && find /var/lib/php5/ -depth -mindepth 1 -maxdepth 1 -type f -cmin +$(/usr/lib/php5/maxlifetime) ! -execdir fuser -s {} 2>/dev/null \; -delete)
Jan 10 06:09:01 mightymoose CRON[18329]: (root) CMD (  [ -x /usr/lib/php5/maxlifetime ] && [ -d /var/lib/php5 ] && find /var/lib/php5/ -depth -mindepth 1 -maxdepth 1 -type f -cmin +$(/usr/lib/php5/maxlifetime) ! -execdir fuser -s {} 2>/dev/null \; -delete)
Jan 10 06:17:01 mightymoose CRON[31277]: (root) CMD (   cd / && run-parts --report /etc/cron.hourly)
Jan 10 06:18:17 mightymoose wpa_supplicant[1509]: WPA: Group rekeying completed with 00:46:9a:f9:d5:d6 [GTK=TKIP]
Jan 10 06:25:01 mightymoose CRON[12089]: (root) CMD (test -x /usr/sbin/anacron || ( cd / && run-parts --report /etc/cron.daily ))
Jan 10 06:39:01 mightymoose CRON[2339]: (root) CMD (  [ -x /usr/lib/php5/maxlifetime ] && [ -d /var/lib/php5 ] && find /var/lib/php5/ -depth -mindepth 1 -maxdepth 1 -type f -cmin +$(/usr/lib/php5/maxlifetime) ! -execdir fuser -s {} 2>/dev/null \; -delete)
Jan 10 07:09:01 mightymoose CRON[19006]: (root) CMD (  [ -x /usr/lib/php5/maxlifetime ] && [ -d /var/lib/php5 ] && find /var/lib/php5/ -depth -mindepth 1 -maxdepth 1 -type f -cmin +$(/usr/lib/php5/maxlifetime) ! -execdir fuser -s {} 2>/dev/null \; -delete)
Jan 10 07:17:01 mightymoose CRON[31954]: (root) CMD (   cd / && run-parts --report /etc/cron.hourly)
Jan 10 07:18:17 mightymoose wpa_supplicant[1509]: WPA: Group rekeying completed with 00:46:9a:f9:d5:d6 [GTK=TKIP]
Jan 10 07:30:01 mightymoose CRON[20854]: (root) CMD (start -q anacron || :)
Jan 10 07:30:01 mightymoose anacron[20857]: Anacron 2.3 started on 2013-01-10
Jan 10 07:30:01 mightymoose anacron[20857]: Normal exit (0 jobs run)
Jan 10 07:39:01 mightymoose CRON[3094]: (root) CMD (  [ -x /usr/lib/php5/maxlifetime ] && [ -d /var/lib/php5 ] && find /var/lib/php5/ -depth -mindepth 1 -maxdepth 1 -type f -cmin +$(/usr/lib/php5/maxlifetime) ! -execdir fuser -s {} 2>/dev/null \; -delete)
Jan 10 08:09:01 mightymoose CRON[19687]: (root) CMD (  [ -x /usr/lib/php5/maxlifetime ] && [ -d /var/lib/php5 ] && find /var/lib/php5/ -depth -mindepth 1 -maxdepth 1 -type f -cmin +$(/usr/lib/php5/maxlifetime) ! -execdir fuser -s {} 2>/dev/null \; -delete)
Jan 10 08:17:01 mightymoose CRON[32609]: (root) CMD (   cd / && run-parts --report /etc/cron.hourly)
Jan 10 08:18:17 mightymoose wpa_supplicant[1509]: WPA: Group rekeying completed with 00:46:9a:f9:d5:d6 [GTK=TKIP]
Jan 10 08:39:01 mightymoose CRON[3826]: (root) CMD (  [ -x /usr/lib/php5/maxlifetime ] && [ -d /var/lib/php5 ] && find /var/lib/php5/ -depth -mindepth 1 -maxdepth 1 -type f -cmin +$(/usr/lib/php5/maxlifetime) ! -execdir fuser -s {} 2>/dev/null \; -delete)
Jan 10 09:09:02 mightymoose CRON[20602]: (root) CMD (  [ -x /usr/lib/php5/maxlifetime ] && [ -d /var/lib/php5 ] && find /var/lib/php5/ -depth -mindepth 1 -maxdepth 1 -type f -cmin +$(/usr/lib/php5/maxlifetime) ! -execdir fuser -s {} 2>/dev/null \; -delete)
Jan 10 09:17:01 mightymoose CRON[1125]: (root) CMD (   cd / && run-parts --report /etc/cron.hourly)
Jan 10 09:18:17 mightymoose wpa_supplicant[1509]: WPA: Group rekeying completed with 00:46:9a:f9:d5:d6 [GTK=TKIP]
Jan 10 09:39:01 mightymoose CRON[494]: (root) CMD (  [ -x /usr/lib/php5/maxlifetime ] && [ -d /var/lib/php5 ] && find /var/lib/php5/ -depth -mindepth 1 -maxdepth 1 -type f -cmin +$(/usr/lib/php5/maxlifetime) ! -execdir fuser -s {} 2>/dev/null \; -delete)
Jan 10 09:54:07 mightymoose kernel: imklog 5.8.6, log source = /proc/kmsg started.
Jan 10 09:54:07 mightymoose rsyslogd: [origin software="rsyslogd" swVersion="5.8.6" x-pid="1280" x-info="http://www.rsyslog.com"] start
Jan 10 09:54:07 mightymoose rsyslogd: rsyslogd's groupid changed to 103
Jan 10 09:54:07 mightymoose rsyslogd: rsyslogd's userid changed to 101
Jan 10 09:54:07 mightymoose rsyslogd-2039: Could not open output pipe '/dev/xconsole' [try http://www.rsyslog.com/e/2039 ]
Jan 10 09:54:07 mightymoose kernel: [    0.000000] Initializing cgroup subsys cpuset
Jan 10 09:54:07 mightymoose kernel: [    0.000000] Initializing cgroup subsys cpu
Jan 10 09:54:07 mightymoose kernel: [    0.000000] Linux version 3.2.0-35-generic (buildd@allspice) (gcc version 4.6.3 (Ubuntu/Linaro 4.6.3-1ubuntu5) ) #55-Ubuntu SMP Wed Dec 5 17:42:16 UTC 2012 (Ubuntu 3.2.0-35.55-generic 3.2.34)
Jan 10 09:54:07 mightymoose kernel: [    0.000000] Command line: BOOT_IMAGE=/boot/vmlinuz-3.2.0-35-generic root=UUID=1a457833-e069-4987-b17b-6dec0b2164b8 ro quiet splash vt.handoff=7
Jan 10 09:54:07 mightymoose kernel: [    0.000000] KERNEL supported cpus:
Jan 10 09:54:07 mightymoose kernel: [    0.000000]   Intel GenuineIntel
Jan 10 09:54:07 mightymoose kernel: [    0.000000]   AMD AuthenticAMD
Jan 10 09:54:07 mightymoose kernel: [    0.000000]   Centaur CentaurHauls
Jan 10 09:54:07 mightymoose kernel: [    0.000000] BIOS-provided physical RAM map:
Jan 10 09:54:07 mightymoose kernel: [    0.000000]  BIOS-e820: 0000000000000000 - 000000000009c800 (usable)
Jan 10 09:54:07 mightymoose kernel: [    0.000000]  BIOS-e820: 000000000009c800 - 00000000000a0000 (reserved)
Jan 10 09:54:07 mightymoose kernel: [    0.000000]  BIOS-e820: 00000000000e0000 - 0000000000100000 (reserved)
Jan 10 09:54:07 mightymoose kernel: [    0.000000]  BIOS-e820: 0000000000100000 - 00000000dce1a000 (usable)
Jan 10 09:54:07 mightymoose kernel: [    0.000000]  BIOS-e820: 00000000dce1a000 - 00000000dd7cb000 (reserved)
Jan 10 09:54:07 mightymoose kernel: [    0.000000]  BIOS-e820: 00000000dd7cb000 - 00000000dd7db000 (ACPI data)
Jan 10 09:54:07 mightymoose kernel: [    0.000000]  BIOS-e820: 00000000dd7db000 - 00000000dd905000 (ACPI NVS)
Jan 10 09:54:07 mightymoose kernel: [    0.000000]  BIOS-e820: 00000000dd905000 - 00000000de7db000 (reserved)
Jan 10 09:54:07 mightymoose kernel: [    0.000000]  BIOS-e820: 00000000de7db000 - 00000000de7dc000 (usable)
Jan 10 09:54:07 mightymoose kernel: [    0.000000]  BIOS-e820: 00000000de7dc000 - 00000000de81f000 (ACPI NVS)
Jan 10 09:54:07 mightymoose kernel: [    0.000000]  BIOS-e820: 00000000de81f000 - 00000000dec41000 (usable)
Jan 10 09:54:07 mightymoose kernel: [    0.000000]  BIOS-e820: 00000000dec41000 - 00000000deff4000 (reserved)
Jan 10 09:54:07 mightymoose kernel: [    0.000000]  BIOS-e820: 00000000deff4000 - 00000000df000000 (usable)
Jan 10 09:54:07 mightymoose kernel: [    0.000000]  BIOS-e820: 00000000f8000000 - 00000000fc000000 (reserved)
Jan 10 09:54:07 mightymoose kernel: [    0.000000]  BIOS-e820: 00000000fec00000 - 00000000fec01000 (reserved)
Jan 10 09:54:07 mightymoose kernel: [    0.000000]  BIOS-e820: 00000000fed00000 - 00000000fed04000 (reserved)
Jan 10 09:54:07 mightymoose kernel: [    0.000000]  BIOS-e820: 00000000fed1c000 - 00000000fed20000 (reserved)
Jan 10 09:54:07 mightymoose kernel: [    0.000000]  BIOS-e820: 00000000fee00000 - 00000000fee01000 (reserved)
Jan 10 09:54:07 mightymoose kernel: [    0.000000]  BIOS-e820: 00000000ff000000 - 0000000100000000 (reserved)
Jan 10 09:54:07 mightymoose kernel: [    0.000000]  BIOS-e820: 0000000100000000 - 000000021f000000 (usable)
Jan 10 09:54:07 mightymoose kernel: [    0.000000] NX (Execute Disable) protection: active
Jan 10 09:54:07 mightymoose kernel: [    0.000000] DMI 2.7 present.
Jan 10 09:54:07 mightymoose kernel: [    0.000000] DMI: System manufacturer System Product Name/MAXIMUS V EXTREME, BIOS 1501 11/23/2012
Jan 10 09:54:07 mightymoose kernel: [    0.000000] e820 update range: 0000000000000000 - 0000000000010000 (usable) ==> (reserved)
Jan 10 09:54:07 mightymoose kernel: [    0.000000] e820 remove range: 00000000000a0000 - 0000000000100000 (usable)
Jan 10 09:54:07 mightymoose kernel: [    0.000000] No AGP bridge found
Jan 10 09:54:07 mightymoose kernel: [    0.000000] last_pfn = 0x21f000 max_arch_pfn = 0x400000000
Jan 10 09:54:07 mightymoose kernel: [    0.000000] MTRR default type: uncachable
Jan 10 09:54:07 mightymoose kernel: [    0.000000] MTRR fixed ranges enabled:
Jan 10 09:54:07 mightymoose kernel: [    0.000000]   00000-9FFFF write-back
Jan 10 09:54:07 mightymoose kernel: [    0.000000]   A0000-BFFFF uncachable
Jan 10 09:54:07 mightymoose kernel: [    0.000000]   C0000-D7FFF write-protect
Jan 10 09:54:07 mightymoose kernel: [    0.000000]   D8000-E7FFF uncachable
Jan 10 09:54:07 mightymoose kernel: [    0.000000]   E8000-FFFFF write-protect
Jan 10 09:54:07 mightymoose kernel: [    0.000000] MTRR variable ranges enabled:
Jan 10 09:54:07 mightymoose kernel: [    0.000000]   0 base 000000000 mask E00000000 write-back
Jan 10 09:54:07 mightymoose kernel: [    0.000000]   1 base 200000000 mask FF0000000 write-back
Jan 10 09:54:07 mightymoose kernel: [    0.000000]   2 base 210000000 mask FF8000000 write-back
Jan 10 09:54:07 mightymoose kernel: [    0.000000]   3 base 218000000 mask FFC000000 write-back
Jan 10 09:54:07 mightymoose kernel: [    0.000000]   4 base 21C000000 mask FFE000000 write-back
Jan 10 09:54:07 mightymoose kernel: [    0.000000]   5 base 21E000000 mask FFF000000 write-back
Jan 10 09:54:07 mightymoose kernel: [    0.000000]   6 base 0E0000000 mask FE0000000 uncachable
Jan 10 09:54:07 mightymoose kernel: [    0.000000]   7 disabled
Jan 10 09:54:07 mightymoose kernel: [    0.000000]   8 disabled
Jan 10 09:54:07 mightymoose kernel: [    0.000000]   9 disabled
Jan 10 09:54:07 mightymoose kernel: [    0.000000] x86 PAT enabled: cpu 0, old 0x7040600070406, new 0x7010600070106
Jan 10 09:54:07 mightymoose kernel: [    0.000000] original variable MTRRs
Jan 10 09:54:07 mightymoose kernel: [    0.000000] reg 0, base: 0GB, range: 8GB, type WB
Jan 10 09:54:07 mightymoose kernel: [    0.000000] reg 1, base: 8GB, range: 256MB, type WB
Jan 10 09:54:07 mightymoose kernel: [    0.000000] reg 2, base: 8448MB, range: 128MB, type WB
Jan 10 09:54:07 mightymoose kernel: [    0.000000] reg 3, base: 8576MB, range: 64MB, type WB
Jan 10 09:54:07 mightymoose kernel: [    0.000000] reg 4, base: 8640MB, range: 32MB, type WB
Jan 10 09:54:07 mightymoose kernel: [    0.000000] reg 5, base: 8672MB, range: 16MB, type WB
Jan 10 09:54:07 mightymoose kernel: [    0.000000] reg 6, base: 3584MB, range: 512MB, type UC
Jan 10 09:54:07 mightymoose kernel: [    0.000000] total RAM covered: 8176M
Jan 10 09:54:07 mightymoose kernel: [    0.000000] Found optimal setting for mtrr clean up
Jan 10 09:54:07 mightymoose kernel: [    0.000000]  gran_size: 64K 	chunk_size: 32M 	num_reg: 6  	lose cover RAM: 0G
Jan 10 09:54:07 mightymoose kernel: [    0.000000] New variable MTRRs
Jan 10 09:54:07 mightymoose kernel: [    0.000000] reg 0, base: 0GB, range: 2GB, type WB
Jan 10 09:54:07 mightymoose kernel: [    0.000000] reg 1, base: 2GB, range: 1GB, type WB
Jan 10 09:54:07 mightymoose kernel: [    0.000000] reg 2, base: 3GB, range: 512MB, type WB
Jan 10 09:54:07 mightymoose kernel: [    0.000000] reg 3, base: 4GB, range: 4GB, type WB
Jan 10 09:54:07 mightymoose kernel: [    0.000000] reg 4, base: 8GB, range: 512MB, type WB
Jan 10 09:54:07 mightymoose kernel: [    0.000000] reg 5, base: 8688MB, range: 16MB, type UC
Jan 10 09:54:07 mightymoose kernel: [    0.000000] e820 update range: 00000000e0000000 - 0000000100000000 (usable) ==> (reserved)
Jan 10 09:54:07 mightymoose kernel: [    0.000000] last_pfn = 0xdf000 max_arch_pfn = 0x400000000
Jan 10 09:54:07 mightymoose kernel: [    0.000000] found SMP MP-table at [ffff8800000fd880] fd880
Jan 10 09:54:07 mightymoose kernel: [    0.000000] initial memory mapped : 0 - 20000000
Jan 10 09:54:07 mightymoose kernel: [    0.000000] Base memory trampoline at [ffff880000097000] 97000 size 20480
Jan 10 09:54:07 mightymoose kernel: [    0.000000] init_memory_mapping: 0000000000000000-00000000df000000
Jan 10 09:54:07 mightymoose kernel: [    0.000000]  0000000000 - 00df000000 page 2M
Jan 10 09:54:07 mightymoose kernel: [    0.000000] kernel direct mapping tables up to df000000 @ 1fffb000-20000000
Jan 10 09:54:07 mightymoose kernel: [    0.000000] init_memory_mapping: 0000000100000000-000000021f000000
Jan 10 09:54:07 mightymoose kernel: [    0.000000]  0100000000 - 021f000000 page 2M
Jan 10 09:54:07 mightymoose kernel: [    0.000000] kernel direct mapping tables up to 21f000000 @ deff6000-df000000
Jan 10 09:54:07 mightymoose kernel: [    0.000000] RAMDISK: 35960000 - 36ca8000
Jan 10 09:54:07 mightymoose kernel: [    0.000000] ACPI: RSDP 00000000000f0490 00024 (v02 ALASKA)
Jan 10 09:54:07 mightymoose kernel: [    0.000000] ACPI: XSDT 00000000dd7ce078 0006C (v01 ALASKA    A M I 01072009 AMI  00010013)
Jan 10 09:54:07 mightymoose kernel: [    0.000000] ACPI: FACP 00000000dd7d8fb0 0010C (v05 ALASKA    A M I 01072009 AMI  00010013)
Jan 10 09:54:07 mightymoose kernel: [    0.000000] ACPI Warning: FADT (revision 5) is longer than ACPI 2.0 version, truncating length 268 to 244 (20110623/tbfadt-288)
Jan 10 09:54:07 mightymoose kernel: [    0.000000] ACPI: DSDT 00000000dd7ce180 0AE2F (v02 ALASKA    A M I 00000022 INTL 20051117)
Jan 10 09:54:07 mightymoose kernel: [    0.000000] ACPI: FACS 00000000dd903080 00040
Jan 10 09:54:07 mightymoose kernel: [    0.000000] ACPI: APIC 00000000dd7d90c0 00092 (v03 ALASKA    A M I 01072009 AMI  00010013)
Jan 10 09:54:07 mightymoose kernel: [    0.000000] ACPI: FPDT 00000000dd7d9158 00044 (v01 ALASKA    A M I 01072009 AMI  00010013)
Jan 10 09:54:07 mightymoose kernel: [    0.000000] ACPI: MCFG 00000000dd7d91a0 0003C (v01 ALASKA    A M I 01072009 MSFT 00000097)
Jan 10 09:54:07 mightymoose kernel: [    0.000000] ACPI: HPET 00000000dd7d91e0 00038 (v01 ALASKA    A M I 01072009 AMI. 00000005)
Jan 10 09:54:07 mightymoose kernel: [    0.000000] ACPI: SSDT 00000000dd7d9218 0036D (v01 SataRe SataTabl 00001000 INTL 20091112)
Jan 10 09:54:07 mightymoose kernel: [    0.000000] ACPI: SSDT 00000000dd7d9588 009AA (v01  PmRef  Cpu0Ist 00003000 INTL 20051117)
Jan 10 09:54:07 mightymoose kernel: [    0.000000] ACPI: SSDT 00000000dd7d9f38 00A92 (v01  PmRef    CpuPm 00003000 INTL 20051117)
Jan 10 09:54:07 mightymoose kernel: [    0.000000] ACPI: BGRT 00000000dd7daa28 00038 (v00 ALASKA    A M I 01072009 AMI  00010013)
Jan 10 09:54:07 mightymoose kernel: [    0.000000] ACPI: Local APIC address 0xfee00000
Jan 10 09:54:07 mightymoose kernel: [    0.000000] No NUMA configuration found
Jan 10 09:54:07 mightymoose kernel: [    0.000000] Faking a node at 0000000000000000-000000021f000000
Jan 10 09:54:07 mightymoose kernel: [    0.000000] Initmem setup node 0 0000000000000000-000000021f000000
Jan 10 09:54:07 mightymoose kernel: [    0.000000]   NODE_DATA [000000021effb000 - 000000021effffff]
Jan 10 09:54:07 mightymoose kernel: [    0.000000]  [ffffea0000000000-ffffea00087fffff] PMD -> [ffff880216600000-ffff88021e5fffff] on node 0
Jan 10 09:54:07 mightymoose kernel: [    0.000000] Zone PFN ranges:
Jan 10 09:54:07 mightymoose kernel: [    0.000000]   DMA      0x00000010 -> 0x00001000
Jan 10 09:54:07 mightymoose kernel: [    0.000000]   DMA32    0x00001000 -> 0x00100000
Jan 10 09:54:07 mightymoose kernel: [    0.000000]   Normal   0x00100000 -> 0x0021f000
Jan 10 09:54:07 mightymoose kernel: [    0.000000] Movable zone start PFN for each node
Jan 10 09:54:07 mightymoose kernel: [    0.000000] early_node_map[6] active PFN ranges
Jan 10 09:54:07 mightymoose kernel: [    0.000000]     0: 0x00000010 -> 0x0000009c
Jan 10 09:54:07 mightymoose kernel: [    0.000000]     0: 0x00000100 -> 0x000dce1a
Jan 10 09:54:07 mightymoose kernel: [    0.000000]     0: 0x000de7db -> 0x000de7dc
Jan 10 09:54:07 mightymoose kernel: [    0.000000]     0: 0x000de81f -> 0x000dec41
Jan 10 09:54:07 mightymoose kernel: [    0.000000]     0: 0x000deff4 -> 0x000df000
Jan 10 09:54:07 mightymoose kernel: [    0.000000]     0: 0x00100000 -> 0x0021f000
Jan 10 09:54:07 mightymoose kernel: [    0.000000] On node 0 totalpages: 2081237
Jan 10 09:54:07 mightymoose kernel: [    0.000000]   DMA zone: 64 pages used for memmap
Jan 10 09:54:07 mightymoose kernel: [    0.000000]   DMA zone: 5 pages reserved
Jan 10 09:54:07 mightymoose kernel: [    0.000000]   DMA zone: 3911 pages, LIFO batch:0
Jan 10 09:54:07 mightymoose kernel: [    0.000000]   DMA32 zone: 16320 pages used for memmap
Jan 10 09:54:07 mightymoose kernel: [    0.000000]   DMA32 zone: 885385 pages, LIFO batch:31
Jan 10 09:54:07 mightymoose kernel: [    0.000000]   Normal zone: 18368 pages used for memmap
Jan 10 09:54:07 mightymoose kernel: [    0.000000]   Normal zone: 1157184 pages, LIFO batch:31
Jan 10 09:54:07 mightymoose kernel: [    0.000000] ACPI: PM-Timer IO Port: 0x408
Jan 10 09:54:07 mightymoose kernel: [    0.000000] ACPI: Local APIC address 0xfee00000
Jan 10 09:54:07 mightymoose kernel: [    0.000000] ACPI: LAPIC (acpi_id[0x01] lapic_id[0x00] enabled)
Jan 10 09:54:07 mightymoose kernel: [    0.000000] ACPI: LAPIC (acpi_id[0x02] lapic_id[0x02] enabled)
Jan 10 09:54:07 mightymoose kernel: [    0.000000] ACPI: LAPIC (acpi_id[0x03] lapic_id[0x04] enabled)
Jan 10 09:54:07 mightymoose kernel: [    0.000000] ACPI: LAPIC (acpi_id[0x04] lapic_id[0x06] enabled)
Jan 10 09:54:07 mightymoose kernel: [    0.000000] ACPI: LAPIC (acpi_id[0x05] lapic_id[0x01] enabled)
Jan 10 09:54:07 mightymoose kernel: [    0.000000] ACPI: LAPIC (acpi_id[0x06] lapic_id[0x03] enabled)
Jan 10 09:54:07 mightymoose kernel: [    0.000000] ACPI: LAPIC (acpi_id[0x07] lapic_id[0x05] enabled)
Jan 10 09:54:07 mightymoose kernel: [    0.000000] ACPI: LAPIC (acpi_id[0x08] lapic_id[0x07] enabled)
Jan 10 09:54:07 mightymoose kernel: [    0.000000] ACPI: LAPIC_NMI (acpi_id[0xff] high edge lint[0x1])
Jan 10 09:54:07 mightymoose kernel: [    0.000000] ACPI: IOAPIC (id[0x02] address[0xfec00000] gsi_base[0])
Jan 10 09:54:07 mightymoose kernel: [    0.000000] IOAPIC[0]: apic_id 2, version 32, address 0xfec00000, GSI 0-23
Jan 10 09:54:07 mightymoose kernel: [    0.000000] ACPI: INT_SRC_OVR (bus 0 bus_irq 0 global_irq 2 dfl dfl)
Jan 10 09:54:07 mightymoose kernel: [    0.000000] ACPI: INT_SRC_OVR (bus 0 bus_irq 9 global_irq 9 high level)
Jan 10 09:54:07 mightymoose kernel: [    0.000000] ACPI: IRQ0 used by override.
Jan 10 09:54:07 mightymoose kernel: [    0.000000] ACPI: IRQ2 used by override.
Jan 10 09:54:07 mightymoose kernel: [    0.000000] ACPI: IRQ9 used by override.
Jan 10 09:54:07 mightymoose kernel: [    0.000000] Using ACPI (MADT) for SMP configuration information
Jan 10 09:54:07 mightymoose kernel: [    0.000000] ACPI: HPET id: 0x8086a701 base: 0xfed00000
Jan 10 09:54:07 mightymoose kernel: [    0.000000] SMP: Allowing 8 CPUs, 0 hotplug CPUs
Jan 10 09:54:07 mightymoose kernel: [    0.000000] nr_irqs_gsi: 40
Jan 10 09:54:07 mightymoose kernel: [    0.000000] PM: Registered nosave memory: 000000000009c000 - 000000000009d000
Jan 10 09:54:07 mightymoose kernel: [    0.000000] PM: Registered nosave memory: 000000000009d000 - 00000000000a0000
Jan 10 09:54:07 mightymoose kernel: [    0.000000] PM: Registered nosave memory: 00000000000a0000 - 00000000000e0000
Jan 10 09:54:07 mightymoose kernel: [    0.000000] PM: Registered nosave memory: 00000000000e0000 - 0000000000100000
Jan 10 09:54:07 mightymoose kernel: [    0.000000] PM: Registered nosave memory: 00000000dce1a000 - 00000000dd7cb000
Jan 10 09:54:07 mightymoose kernel: [    0.000000] PM: Registered nosave memory: 00000000dd7cb000 - 00000000dd7db000
Jan 10 09:54:07 mightymoose kernel: [    0.000000] PM: Registered nosave memory: 00000000dd7db000 - 00000000dd905000
Jan 10 09:54:07 mightymoose kernel: [    0.000000] PM: Registered nosave memory: 00000000dd905000 - 00000000de7db000
Jan 10 09:54:07 mightymoose kernel: [    0.000000] PM: Registered nosave memory: 00000000de7dc000 - 00000000de81f000
Jan 10 09:54:07 mightymoose kernel: [    0.000000] PM: Registered nosave memory: 00000000dec41000 - 00000000deff4000
Jan 10 09:54:07 mightymoose kernel: [    0.000000] PM: Registered nosave memory: 00000000df000000 - 00000000f8000000
Jan 10 09:54:07 mightymoose kernel: [    0.000000] PM: Registered nosave memory: 00000000f8000000 - 00000000fc000000
Jan 10 09:54:07 mightymoose kernel: [    0.000000] PM: Registered nosave memory: 00000000fc000000 - 00000000fec00000
Jan 10 09:54:07 mightymoose kernel: [    0.000000] PM: Registered nosave memory: 00000000fec00000 - 00000000fec01000
Jan 10 09:54:07 mightymoose kernel: [    0.000000] PM: Registered nosave memory: 00000000fec01000 - 00000000fed00000
Jan 10 09:54:07 mightymoose kernel: [    0.000000] PM: Registered nosave memory: 00000000fed00000 - 00000000fed04000
Jan 10 09:54:07 mightymoose kernel: [    0.000000] PM: Registered nosave memory: 00000000fed04000 - 00000000fed1c000
Jan 10 09:54:07 mightymoose kernel: [    0.000000] PM: Registered nosave memory: 00000000fed1c000 - 00000000fed20000
Jan 10 09:54:07 mightymoose kernel: [    0.000000] PM: Registered nosave memory: 00000000fed20000 - 00000000fee00000
Jan 10 09:54:07 mightymoose kernel: [    0.000000] PM: Registered nosave memory: 00000000fee00000 - 00000000fee01000
Jan 10 09:54:07 mightymoose kernel: [    0.000000] PM: Registered nosave memory: 00000000fee01000 - 00000000ff000000
Jan 10 09:54:07 mightymoose kernel: [    0.000000] PM: Registered nosave memory: 00000000ff000000 - 0000000100000000
Jan 10 09:54:07 mightymoose kernel: [    0.000000] Allocating PCI resources starting at df000000 (gap: df000000:19000000)
Jan 10 09:54:07 mightymoose kernel: [    0.000000] Booting paravirtualized kernel on bare hardware
Jan 10 09:54:07 mightymoose kernel: [    0.000000] setup_percpu: NR_CPUS:256 nr_cpumask_bits:256 nr_cpu_ids:8 nr_node_ids:1
Jan 10 09:54:07 mightymoose kernel: [    0.000000] PERCPU: Embedded 28 pages/cpu @ffff88021ec00000 s83136 r8192 d23360 u262144
Jan 10 09:54:07 mightymoose kernel: [    0.000000] pcpu-alloc: s83136 r8192 d23360 u262144 alloc=1*2097152
Jan 10 09:54:07 mightymoose kernel: [    0.000000] pcpu-alloc: [0] 0 1 2 3 4 5 6 7 
Jan 10 09:54:07 mightymoose kernel: [    0.000000] Built 1 zonelists in Zone order, mobility grouping on.  Total pages: 2046480
Jan 10 09:54:07 mightymoose kernel: [    0.000000] Policy zone: Normal
Jan 10 09:54:07 mightymoose kernel: [    0.000000] Kernel command line: BOOT_IMAGE=/boot/vmlinuz-3.2.0-35-generic root=UUID=1a457833-e069-4987-b17b-6dec0b2164b8 ro quiet splash vt.handoff=7
Jan 10 09:54:07 mightymoose kernel: [    0.000000] PID hash table entries: 4096 (order: 3, 32768 bytes)
Jan 10 09:54:07 mightymoose kernel: [    0.000000] xsave/xrstor: enabled xstate_bv 0x7, cntxt size 0x340
Jan 10 09:54:07 mightymoose kernel: [    0.000000] Checking aperture...
Jan 10 09:54:07 mightymoose kernel: [    0.000000] No AGP bridge found
Jan 10 09:54:07 mightymoose kernel: [    0.000000] Calgary: detecting Calgary via BIOS EBDA area
Jan 10 09:54:07 mightymoose kernel: [    0.000000] Calgary: Unable to locate Rio Grande table in EBDA - bailing!
Jan 10 09:54:07 mightymoose kernel: [    0.000000] Memory: 8091332k/8896512k available (6569k kernel code, 571564k absent, 233616k reserved, 6634k data, 924k init)
Jan 10 09:54:07 mightymoose kernel: [    0.000000] SLUB: Genslabs=15, HWalign=64, Order=0-3, MinObjects=0, CPUs=8, Nodes=1
Jan 10 09:54:07 mightymoose kernel: [    0.000000] Hierarchical RCU implementation.
Jan 10 09:54:07 mightymoose kernel: [    0.000000] 	RCU dyntick-idle grace-period acceleration is enabled.
Jan 10 09:54:07 mightymoose kernel: [    0.000000] NR_IRQS:16640 nr_irqs:744 16
Jan 10 09:54:07 mightymoose kernel: [    0.000000] Extended CMOS year: 2000
Jan 10 09:54:07 mightymoose kernel: [    0.000000] vt handoff: transparent VT on vt#7
Jan 10 09:54:07 mightymoose kernel: [    0.000000] Console: colour dummy device 80x25
Jan 10 09:54:07 mightymoose kernel: [    0.000000] console [tty0] enabled
Jan 10 09:54:07 mightymoose kernel: [    0.000000] allocated 67108864 bytes of page_cgroup
Jan 10 09:54:07 mightymoose kernel: [    0.000000] please try 'cgroup_disable=memory' option if you don't want memory cgroups
Jan 10 09:54:07 mightymoose kernel: [    0.000000] hpet clockevent registered
Jan 10 09:54:07 mightymoose kernel: [    0.000000] Fast TSC calibration using PIT
Jan 10 09:54:07 mightymoose kernel: [    0.004000] Detected 3500.110 MHz processor.
Jan 10 09:54:07 mightymoose kernel: [    0.000002] Calibrating delay loop (skipped), value calculated using timer frequency.. 7000.22 BogoMIPS (lpj=14000440)
Jan 10 09:54:07 mightymoose kernel: [    0.000004] pid_max: default: 32768 minimum: 301
Jan 10 09:54:07 mightymoose kernel: [    0.000019] Security Framework initialized
Jan 10 09:54:07 mightymoose kernel: [    0.000027] AppArmor: AppArmor initialized
Jan 10 09:54:07 mightymoose kernel: [    0.000028] Yama: becoming mindful.
Jan 10 09:54:07 mightymoose kernel: [    0.000394] Dentry cache hash table entries: 1048576 (order: 11, 8388608 bytes)
Jan 10 09:54:07 mightymoose kernel: [    0.001829] Inode-cache hash table entries: 524288 (order: 10, 4194304 bytes)
Jan 10 09:54:07 mightymoose kernel: [    0.002464] Mount-cache hash table entries: 256
Jan 10 09:54:07 mightymoose kernel: [    0.002539] Initializing cgroup subsys cpuacct
Jan 10 09:54:07 mightymoose kernel: [    0.002541] Initializing cgroup subsys memory
Jan 10 09:54:07 mightymoose kernel: [    0.002546] Initializing cgroup subsys devices
Jan 10 09:54:07 mightymoose kernel: [    0.002548] Initializing cgroup subsys freezer
Jan 10 09:54:07 mightymoose kernel: [    0.002549] Initializing cgroup subsys blkio
Jan 10 09:54:07 mightymoose kernel: [    0.002552] Initializing cgroup subsys perf_event
Jan 10 09:54:07 mightymoose kernel: [    0.002570] CPU: Physical Processor ID: 0
Jan 10 09:54:07 mightymoose kernel: [    0.002570] CPU: Processor Core ID: 0
Jan 10 09:54:07 mightymoose kernel: [    0.002574] ENERGY_PERF_BIAS: Set to 'normal', was 'performance'
Jan 10 09:54:07 mightymoose kernel: [    0.002574] ENERGY_PERF_BIAS: View and update with x86_energy_perf_policy(8)
Jan 10 09:54:07 mightymoose kernel: [    0.002577] mce: CPU supports 9 MCE banks
Jan 10 09:54:07 mightymoose kernel: [    0.002586] CPU0: Thermal monitoring enabled (TM1)
Jan 10 09:54:07 mightymoose kernel: [    0.002593] using mwait in idle threads.
Jan 10 09:54:07 mightymoose kernel: [    0.004273] ACPI: Core revision 20110623
Jan 10 09:54:07 mightymoose kernel: [    0.138716] ftrace: allocating 27030 entries in 107 pages
Jan 10 09:54:07 mightymoose kernel: [    0.145744] ..TIMER: vector=0x30 apic1=0 pin1=2 apic2=-1 pin2=-1
Jan 10 09:54:07 mightymoose kernel: [    0.185350] CPU0: Intel(R) Core(TM) i7-2700K CPU @ 3.50GHz stepping 07
Jan 10 09:54:07 mightymoose kernel: [    0.292654] Performance Events: PEBS fmt1+, SandyBridge events, Intel PMU driver.
Jan 10 09:54:07 mightymoose kernel: [    0.292657] PEBS disabled due to CPU errata.
Jan 10 09:54:07 mightymoose kernel: [    0.292659] ... version:                3
Jan 10 09:54:07 mightymoose kernel: [    0.292659] ... bit width:              48
Jan 10 09:54:07 mightymoose kernel: [    0.292660] ... generic registers:      4
Jan 10 09:54:07 mightymoose kernel: [    0.292661] ... value mask:             0000ffffffffffff
Jan 10 09:54:07 mightymoose kernel: [    0.292662] ... max period:             000000007fffffff
Jan 10 09:54:07 mightymoose kernel: [    0.292663] ... fixed-purpose events:   3
Jan 10 09:54:07 mightymoose kernel: [    0.292664] ... event mask:             000000070000000f
Jan 10 09:54:07 mightymoose kernel: [    0.292771] NMI watchdog enabled, takes one hw-pmu counter.
Jan 10 09:54:07 mightymoose kernel: [    0.292818] Booting Node   0, Processors  #1
Jan 10 09:54:07 mightymoose kernel: [    0.292819] smpboot cpu 1: start_ip = 97000
Jan 10 09:54:07 mightymoose kernel: [    0.400541] NMI watchdog enabled, takes one hw-pmu counter.
Jan 10 09:54:07 mightymoose kernel: [    0.400595]  #2
Jan 10 09:54:07 mightymoose kernel: [    0.400596] smpboot cpu 2: start_ip = 97000
Jan 10 09:54:07 mightymoose kernel: [    0.508313] NMI watchdog enabled, takes one hw-pmu counter.
Jan 10 09:54:07 mightymoose kernel: [    0.508364]  #3
Jan 10 09:54:07 mightymoose kernel: [    0.508365] smpboot cpu 3: start_ip = 97000
Jan 10 09:54:07 mightymoose kernel: [    0.616081] NMI watchdog enabled, takes one hw-pmu counter.
Jan 10 09:54:07 mightymoose kernel: [    0.616131]  #4
Jan 10 09:54:07 mightymoose kernel: [    0.616132] smpboot cpu 4: start_ip = 97000
Jan 10 09:54:07 mightymoose kernel: [    0.723923] NMI watchdog enabled, takes one hw-pmu counter.
Jan 10 09:54:07 mightymoose kernel: [    0.723981]  #5
Jan 10 09:54:07 mightymoose kernel: [    0.723982] smpboot cpu 5: start_ip = 97000
Jan 10 09:54:07 mightymoose kernel: [    0.831703] NMI watchdog enabled, takes one hw-pmu counter.
Jan 10 09:54:07 mightymoose kernel: [    0.831755]  #6
Jan 10 09:54:07 mightymoose kernel: [    0.831756] smpboot cpu 6: start_ip = 97000
Jan 10 09:54:07 mightymoose kernel: [    0.939475] NMI watchdog enabled, takes one hw-pmu counter.
Jan 10 09:54:07 mightymoose kernel: [    0.939526]  #7 Ok.
Jan 10 09:54:07 mightymoose kernel: [    0.939527] smpboot cpu 7: start_ip = 97000
Jan 10 09:54:07 mightymoose kernel: [    1.047244] NMI watchdog enabled, takes one hw-pmu counter.
Jan 10 09:54:07 mightymoose kernel: [    1.047265] Brought up 8 CPUs
Jan 10 09:54:07 mightymoose kernel: [    1.047266] Total of 8 processors activated (55998.55 BogoMIPS).
Jan 10 09:54:07 mightymoose kernel: [    1.053908] devtmpfs: initialized
Jan 10 09:54:07 mightymoose kernel: [    1.054438] EVM: security.selinux
Jan 10 09:54:07 mightymoose kernel: [    1.054438] EVM: security.SMACK64
Jan 10 09:54:07 mightymoose kernel: [    1.054439] EVM: security.capability
Jan 10 09:54:07 mightymoose kernel: [    1.054453] PM: Registering ACPI NVS region at dd7db000 (1220608 bytes)
Jan 10 09:54:07 mightymoose kernel: [    1.054466] PM: Registering ACPI NVS region at de7dc000 (274432 bytes)
Jan 10 09:54:07 mightymoose kernel: [    1.054939] print_constraints: dummy: 
Jan 10 09:54:07 mightymoose kernel: [    1.054964] RTC time:  9:53:43, date: 01/10/13
Jan 10 09:54:07 mightymoose kernel: [    1.054984] NET: Registered protocol family 16
Jan 10 09:54:07 mightymoose kernel: [    1.055043] Trying to unpack rootfs image as initramfs...
Jan 10 09:54:07 mightymoose kernel: [    1.055047] ACPI FADT declares the system doesn't support PCIe ASPM, so disable it
Jan 10 09:54:07 mightymoose kernel: [    1.055049] ACPI: bus type pci registered
Jan 10 09:54:07 mightymoose kernel: [    1.055083] PCI: MMCONFIG for domain 0000 [bus 00-3f] at [mem 0xf8000000-0xfbffffff] (base 0xf8000000)
Jan 10 09:54:07 mightymoose kernel: [    1.055085] PCI: MMCONFIG at [mem 0xf8000000-0xfbffffff] reserved in E820
Jan 10 09:54:07 mightymoose kernel: [    1.063630] PCI: Using configuration type 1 for base access
Jan 10 09:54:07 mightymoose kernel: [    1.064206] bio: create slab <bio-0> at 0
Jan 10 09:54:07 mightymoose kernel: [    1.064250] ACPI: Added _OSI(Module Device)
Jan 10 09:54:07 mightymoose kernel: [    1.064252] ACPI: Added _OSI(Processor Device)
Jan 10 09:54:07 mightymoose kernel: [    1.064253] ACPI: Added _OSI(3.0 _SCP Extensions)
Jan 10 09:54:07 mightymoose kernel: [    1.064254] ACPI: Added _OSI(Processor Aggregator Device)
Jan 10 09:54:07 mightymoose kernel: [    1.065299] ACPI: EC: Look up EC in DSDT
Jan 10 09:54:07 mightymoose kernel: [    1.066296] ACPI: Executed 1 blocks of module-level executable AML code
Jan 10 09:54:07 mightymoose kernel: [    1.099337] ACPI: SSDT 00000000dd778018 0083B (v01  PmRef  Cpu0Cst 00003001 INTL 20051117)
Jan 10 09:54:07 mightymoose kernel: [    1.099601] ACPI: Dynamic OEM Table Load:
Jan 10 09:54:07 mightymoose kernel: [    1.099603] ACPI: SSDT           (null) 0083B (v01  PmRef  Cpu0Cst 00003001 INTL 20051117)
Jan 10 09:54:07 mightymoose kernel: [    1.123172] ACPI: SSDT 00000000dd779a98 00303 (v01  PmRef    ApIst 00003000 INTL 20051117)
Jan 10 09:54:07 mightymoose kernel: [    1.123454] ACPI: Dynamic OEM Table Load:
Jan 10 09:54:07 mightymoose kernel: [    1.123455] ACPI: SSDT           (null) 00303 (v01  PmRef    ApIst 00003000 INTL 20051117)
Jan 10 09:54:07 mightymoose kernel: [    1.147032] ACPI: SSDT 00000000dd77ac18 00119 (v01  PmRef    ApCst 00003000 INTL 20051117)
Jan 10 09:54:07 mightymoose kernel: [    1.147297] ACPI: Dynamic OEM Table Load:
Jan 10 09:54:07 mightymoose kernel: [    1.147299] ACPI: SSDT           (null) 00119 (v01  PmRef    ApCst 00003000 INTL 20051117)
Jan 10 09:54:07 mightymoose kernel: [    1.171656] ACPI: Interpreter enabled
Jan 10 09:54:07 mightymoose kernel: [    1.171659] ACPI: (supports S0 S3 S4 S5)
Jan 10 09:54:07 mightymoose kernel: [    1.171673] ACPI: Using IOAPIC for interrupt routing
Jan 10 09:54:07 mightymoose kernel: [    1.175043] ACPI: Power Resource [FN00] (off)
Jan 10 09:54:07 mightymoose kernel: [    1.175090] ACPI: Power Resource [FN01] (off)
Jan 10 09:54:07 mightymoose kernel: [    1.175136] ACPI: Power Resource [FN02] (off)
Jan 10 09:54:07 mightymoose kernel: [    1.175181] ACPI: Power Resource [FN03] (off)
Jan 10 09:54:07 mightymoose kernel: [    1.175227] ACPI: Power Resource [FN04] (off)
Jan 10 09:54:07 mightymoose kernel: [    1.175435] ACPI: EC: GPE = 0x18, I/O: command/status = 0x66, data = 0x62
Jan 10 09:54:07 mightymoose kernel: [    1.175561] ACPI: No dock devices found.
Jan 10 09:54:07 mightymoose kernel: [    1.175562] HEST: Table not found.
Jan 10 09:54:07 mightymoose kernel: [    1.175564] PCI: Using host bridge windows from ACPI; if necessary, use "pci=nocrs" and report a bug
Jan 10 09:54:07 mightymoose kernel: [    1.175772] ACPI: PCI Root Bridge [PCI0] (domain 0000 [bus 00-3e])
Jan 10 09:54:07 mightymoose kernel: [    1.176073] pci_root PNP0A08:00: host bridge window [io  0x0000-0x0cf7]
Jan 10 09:54:07 mightymoose kernel: [    1.176075] pci_root PNP0A08:00: host bridge window [io  0x0d00-0xffff]
Jan 10 09:54:07 mightymoose kernel: [    1.176076] pci_root PNP0A08:00: host bridge window [mem 0x000a0000-0x000bffff]
Jan 10 09:54:07 mightymoose kernel: [    1.176078] pci_root PNP0A08:00: host bridge window [mem 0x000d8000-0x000dbfff]
Jan 10 09:54:07 mightymoose kernel: [    1.176079] pci_root PNP0A08:00: host bridge window [mem 0x000dc000-0x000dffff]
Jan 10 09:54:07 mightymoose kernel: [    1.176081] pci_root PNP0A08:00: host bridge window [mem 0x000e0000-0x000e3fff]
Jan 10 09:54:07 mightymoose kernel: [    1.176082] pci_root PNP0A08:00: host bridge window [mem 0x000e4000-0x000e7fff]
Jan 10 09:54:07 mightymoose kernel: [    1.176084] pci_root PNP0A08:00: host bridge window [mem 0xe0000000-0xfeafffff]
Jan 10 09:54:07 mightymoose kernel: [    1.176091] pci 0000:00:00.0: [8086:0100] type 0 class 0x000600
Jan 10 09:54:07 mightymoose kernel: [    1.176117] pci 0000:00:01.0: [8086:0101] type 1 class 0x000604
Jan 10 09:54:07 mightymoose kernel: [    1.176139] pci 0000:00:01.0: PME# supported from D0 D3hot D3cold
Jan 10 09:54:07 mightymoose kernel: [    1.176141] pci 0000:00:01.0: PME# disabled
Jan 10 09:54:07 mightymoose kernel: [    1.176149] pci 0000:00:01.1: [8086:0105] type 1 class 0x000604
Jan 10 09:54:07 mightymoose kernel: [    1.176170] pci 0000:00:01.1: PME# supported from D0 D3hot D3cold
Jan 10 09:54:07 mightymoose kernel: [    1.176172] pci 0000:00:01.1: PME# disabled
Jan 10 09:54:07 mightymoose kernel: [    1.176204] pci 0000:00:14.0: [8086:1e31] type 0 class 0x000c03
Jan 10 09:54:07 mightymoose kernel: [    1.176223] pci 0000:00:14.0: reg 10: [mem 0xf7320000-0xf732ffff 64bit]
Jan 10 09:54:07 mightymoose kernel: [    1.176287] pci 0000:00:14.0: PME# supported from D3hot D3cold
Jan 10 09:54:07 mightymoose kernel: [    1.176290] pci 0000:00:14.0: PME# disabled
Jan 10 09:54:07 mightymoose kernel: [    1.176308] pci 0000:00:16.0: [8086:1e3a] type 0 class 0x000780
Jan 10 09:54:07 mightymoose kernel: [    1.176328] pci 0000:00:16.0: reg 10: [mem 0xf733b000-0xf733b00f 64bit]
Jan 10 09:54:07 mightymoose kernel: [    1.176396] pci 0000:00:16.0: PME# supported from D0 D3hot D3cold
Jan 10 09:54:07 mightymoose kernel: [    1.176399] pci 0000:00:16.0: PME# disabled
Jan 10 09:54:07 mightymoose kernel: [    1.176423] pci 0000:00:19.0: [8086:1503] type 0 class 0x000200
Jan 10 09:54:07 mightymoose kernel: [    1.176439] pci 0000:00:19.0: reg 10: [mem 0xf7300000-0xf731ffff]
Jan 10 09:54:07 mightymoose kernel: [    1.176446] pci 0000:00:19.0: reg 14: [mem 0xf7339000-0xf7339fff]
Jan 10 09:54:07 mightymoose kernel: [    1.176453] pci 0000:00:19.0: reg 18: [io  0xf040-0xf05f]
Jan 10 09:54:07 mightymoose kernel: [    1.176508] pci 0000:00:19.0: PME# supported from D0 D3hot D3cold
Jan 10 09:54:07 mightymoose kernel: [    1.176511] pci 0000:00:19.0: PME# disabled
Jan 10 09:54:07 mightymoose kernel: [    1.176531] pci 0000:00:1a.0: [8086:1e2d] type 0 class 0x000c03
Jan 10 09:54:07 mightymoose kernel: [    1.176550] pci 0000:00:1a.0: reg 10: [mem 0xf7338000-0xf73383ff]
Jan 10 09:54:07 mightymoose kernel: [    1.176632] pci 0000:00:1a.0: PME# supported from D0 D3hot D3cold
Jan 10 09:54:07 mightymoose kernel: [    1.176635] pci 0000:00:1a.0: PME# disabled
Jan 10 09:54:07 mightymoose kernel: [    1.176655] pci 0000:00:1b.0: [8086:1e20] type 0 class 0x000403
Jan 10 09:54:07 mightymoose kernel: [    1.176667] pci 0000:00:1b.0: reg 10: [mem 0xf7330000-0xf7333fff 64bit]
Jan 10 09:54:07 mightymoose kernel: [    1.176726] pci 0000:00:1b.0: PME# supported from D0 D3hot D3cold
Jan 10 09:54:07 mightymoose kernel: [    1.176729] pci 0000:00:1b.0: PME# disabled
Jan 10 09:54:07 mightymoose kernel: [    1.176750] pci 0000:00:1c.0: [8086:1e10] type 1 class 0x000604
Jan 10 09:54:07 mightymoose kernel: [    1.176874] pci 0000:00:1c.0: PME# supported from D0 D3hot D3cold
Jan 10 09:54:07 mightymoose kernel: [    1.176878] pci 0000:00:1c.0: PME# disabled
Jan 10 09:54:07 mightymoose kernel: [    1.176907] pci 0000:00:1c.4: [8086:1e18] type 1 class 0x000604
Jan 10 09:54:07 mightymoose kernel: [    1.176977] pci 0000:00:1c.4: PME# supported from D0 D3hot D3cold
Jan 10 09:54:07 mightymoose kernel: [    1.176979] pci 0000:00:1c.4: PME# disabled
Jan 10 09:54:07 mightymoose kernel: [    1.176999] pci 0000:00:1c.6: [8086:1e1c] type 1 class 0x000604
Jan 10 09:54:07 mightymoose kernel: [    1.177068] pci 0000:00:1c.6: PME# supported from D0 D3hot D3cold
Jan 10 09:54:07 mightymoose kernel: [    1.177071] pci 0000:00:1c.6: PME# disabled
Jan 10 09:54:07 mightymoose kernel: [    1.177090] pci 0000:00:1c.7: [8086:1e1e] type 1 class 0x000604
Jan 10 09:54:07 mightymoose kernel: [    1.177160] pci 0000:00:1c.7: PME# supported from D0 D3hot D3cold
Jan 10 09:54:07 mightymoose kernel: [    1.177163] pci 0000:00:1c.7: PME# disabled
Jan 10 09:54:07 mightymoose kernel: [    1.177185] pci 0000:00:1d.0: [8086:1e26] type 0 class 0x000c03
Jan 10 09:54:07 mightymoose kernel: [    1.177203] pci 0000:00:1d.0: reg 10: [mem 0xf7337000-0xf73373ff]
Jan 10 09:54:07 mightymoose kernel: [    1.177285] pci 0000:00:1d.0: PME# supported from D0 D3hot D3cold
Jan 10 09:54:07 mightymoose kernel: [    1.177288] pci 0000:00:1d.0: PME# disabled
Jan 10 09:54:07 mightymoose kernel: [    1.177307] pci 0000:00:1f.0: [8086:1e44] type 0 class 0x000601
Jan 10 09:54:07 mightymoose kernel: [    1.177420] pci 0000:00:1f.2: [8086:1e02] type 0 class 0x000106
Jan 10 09:54:07 mightymoose kernel: [    1.177435] pci 0000:00:1f.2: reg 10: [io  0xf090-0xf097]
Jan 10 09:54:07 mightymoose kernel: [    1.177441] pci 0000:00:1f.2: reg 14: [io  0xf080-0xf083]
Jan 10 09:54:07 mightymoose kernel: [    1.177448] pci 0000:00:1f.2: reg 18: [io  0xf070-0xf077]
Jan 10 09:54:07 mightymoose kernel: [    1.177454] pci 0000:00:1f.2: reg 1c: [io  0xf060-0xf063]
Jan 10 09:54:07 mightymoose kernel: [    1.177461] pci 0000:00:1f.2: reg 20: [io  0xf020-0xf03f]
Jan 10 09:54:07 mightymoose kernel: [    1.177467] pci 0000:00:1f.2: reg 24: [mem 0xf7336000-0xf73367ff]
Jan 10 09:54:07 mightymoose kernel: [    1.177505] pci 0000:00:1f.2: PME# supported from D3hot
Jan 10 09:54:07 mightymoose kernel: [    1.177508] pci 0000:00:1f.2: PME# disabled
Jan 10 09:54:07 mightymoose kernel: [    1.177520] pci 0000:00:1f.3: [8086:1e22] type 0 class 0x000c05
Jan 10 09:54:07 mightymoose kernel: [    1.177533] pci 0000:00:1f.3: reg 10: [mem 0xf7335000-0xf73350ff 64bit]
Jan 10 09:54:07 mightymoose kernel: [    1.177551] pci 0000:00:1f.3: reg 20: [io  0xf000-0xf01f]
Jan 10 09:54:07 mightymoose kernel: [    1.177596] pci 0000:01:00.0: [10de:1189] type 0 class 0x000300
Jan 10 09:54:07 mightymoose kernel: [    1.177605] pci 0000:01:00.0: reg 10: [mem 0xf5000000-0xf5ffffff]
Jan 10 09:54:07 mightymoose kernel: [    1.177614] pci 0000:01:00.0: reg 14: [mem 0xe8000000-0xefffffff 64bit pref]
Jan 10 09:54:07 mightymoose kernel: [    1.177623] pci 0000:01:00.0: reg 1c: [mem 0xf0000000-0xf1ffffff 64bit pref]
Jan 10 09:54:07 mightymoose kernel: [    1.177630] pci 0000:01:00.0: reg 24: [io  0xe000-0xe07f]
Jan 10 09:54:07 mightymoose kernel: [    1.177636] pci 0000:01:00.0: reg 30: [mem 0xf6000000-0xf607ffff pref]
Jan 10 09:54:07 mightymoose kernel: [    1.177688] pci 0000:01:00.1: [10de:0e0a] type 0 class 0x000403
Jan 10 09:54:07 mightymoose kernel: [    1.177696] pci 0000:01:00.1: reg 10: [mem 0xf6080000-0xf6083fff]
Jan 10 09:54:07 mightymoose kernel: [    1.182890] pci 0000:00:01.0: PCI bridge to [bus 01-01]
Jan 10 09:54:07 mightymoose kernel: [    1.182892] pci 0000:00:01.0:   bridge window [io  0xe000-0xefff]
Jan 10 09:54:07 mightymoose kernel: [    1.182894] pci 0000:00:01.0:   bridge window [mem 0xf5000000-0xf60fffff]
Jan 10 09:54:07 mightymoose kernel: [    1.182896] pci 0000:00:01.0:   bridge window [mem 0xe8000000-0xf1ffffff 64bit pref]
Jan 10 09:54:07 mightymoose kernel: [    1.182917] pci 0000:02:00.0: [1000:0079] type 0 class 0x000104
Jan 10 09:54:07 mightymoose kernel: [    1.182924] pci 0000:02:00.0: reg 10: [io  0xd000-0xd0ff]
Jan 10 09:54:07 mightymoose kernel: [    1.182931] pci 0000:02:00.0: reg 14: [mem 0xf7260000-0xf7263fff 64bit]
Jan 10 09:54:07 mightymoose kernel: [    1.182938] pci 0000:02:00.0: reg 1c: [mem 0xf7200000-0xf723ffff 64bit]
Jan 10 09:54:07 mightymoose kernel: [    1.182947] pci 0000:02:00.0: reg 30: [mem 0xf7240000-0xf725ffff pref]
Jan 10 09:54:07 mightymoose kernel: [    1.182975] pci 0000:02:00.0: supports D1 D2
Jan 10 09:54:07 mightymoose kernel: [    1.190868] pci 0000:00:01.1: PCI bridge to [bus 02-02]
Jan 10 09:54:07 mightymoose kernel: [    1.190870] pci 0000:00:01.1:   bridge window [io  0xd000-0xdfff]
Jan 10 09:54:07 mightymoose kernel: [    1.190872] pci 0000:00:01.1:   bridge window [mem 0xf7200000-0xf72fffff]
Jan 10 09:54:07 mightymoose kernel: [    1.190942] pci 0000:00:1c.0: PCI bridge to [bus 03-0d]
Jan 10 09:54:07 mightymoose kernel: [    1.190946] pci 0000:00:1c.0:   bridge window [io  0xa000-0xbfff]
Jan 10 09:54:07 mightymoose kernel: [    1.190950] pci 0000:00:1c.0:   bridge window [mem 0xf6100000-0xf6afffff]
Jan 10 09:54:07 mightymoose kernel: [    1.190958] pci 0000:00:1c.0:   bridge window [mem 0xf2100000-0xf2afffff 64bit pref]
Jan 10 09:54:07 mightymoose kernel: [    1.191022] pci 0000:0e:00.0: [1b21:1042] type 0 class 0x000c03
Jan 10 09:54:07 mightymoose kernel: [    1.191049] pci 0000:0e:00.0: reg 10: [mem 0xf7100000-0xf7107fff 64bit]
Jan 10 09:54:07 mightymoose kernel: [    1.191190] pci 0000:0e:00.0: PME# supported from D3hot D3cold
Jan 10 09:54:07 mightymoose kernel: [    1.191195] pci 0000:0e:00.0: PME# disabled
Jan 10 09:54:07 mightymoose kernel: [    1.198860] pci 0000:00:1c.4: PCI bridge to [bus 0e-0e]
Jan 10 09:54:07 mightymoose kernel: [    1.198865] pci 0000:00:1c.4:   bridge window [mem 0xf7100000-0xf71fffff]
Jan 10 09:54:07 mightymoose kernel: [    1.198926] pci 0000:0f:00.0: [10b5:8608] type 1 class 0x000604
Jan 10 09:54:07 mightymoose kernel: [    1.198942] pci 0000:0f:00.0: reg 10: [mem 0xf6f00000-0xf6f1ffff]
Jan 10 09:54:07 mightymoose kernel: [    1.199041] pci 0000:0f:00.0: PME# supported from D0 D3hot D3cold
Jan 10 09:54:07 mightymoose kernel: [    1.199045] pci 0000:0f:00.0: PME# disabled
Jan 10 09:54:07 mightymoose kernel: [    1.206841] pci 0000:00:1c.6: PCI bridge to [bus 0f-17]
Jan 10 09:54:07 mightymoose kernel: [    1.206845] pci 0000:00:1c.6:   bridge window [io  0x8000-0x9fff]
Jan 10 09:54:07 mightymoose kernel: [    1.206848] pci 0000:00:1c.6:   bridge window [mem 0xf6b00000-0xf6ffffff]
Jan 10 09:54:07 mightymoose kernel: [    1.206938] pci 0000:10:01.0: [10b5:8608] type 1 class 0x000604
Jan 10 09:54:07 mightymoose kernel: [    1.207054] pci 0000:10:01.0: PME# supported from D0 D3hot D3cold
Jan 10 09:54:07 mightymoose kernel: [    1.207058] pci 0000:10:01.0: PME# disabled
Jan 10 09:54:07 mightymoose kernel: [    1.207104] pci 0000:10:04.0: [10b5:8608] type 1 class 0x000604
Jan 10 09:54:07 mightymoose kernel: [    1.207219] pci 0000:10:04.0: PME# supported from D0 D3hot D3cold
Jan 10 09:54:07 mightymoose kernel: [    1.207223] pci 0000:10:04.0: PME# disabled
Jan 10 09:54:07 mightymoose kernel: [    1.207264] pci 0000:10:05.0: [10b5:8608] type 1 class 0x000604
Jan 10 09:54:07 mightymoose kernel: [    1.207379] pci 0000:10:05.0: PME# supported from D0 D3hot D3cold
Jan 10 09:54:07 mightymoose kernel: [    1.207383] pci 0000:10:05.0: PME# disabled
Jan 10 09:54:07 mightymoose kernel: [    1.207425] pci 0000:10:06.0: [10b5:8608] type 1 class 0x000604
Jan 10 09:54:07 mightymoose kernel: [    1.207539] pci 0000:10:06.0: PME# supported from D0 D3hot D3cold
Jan 10 09:54:07 mightymoose kernel: [    1.207543] pci 0000:10:06.0: PME# disabled
Jan 10 09:54:07 mightymoose kernel: [    1.207585] pci 0000:10:07.0: [10b5:8608] type 1 class 0x000604
Jan 10 09:54:07 mightymoose kernel: [    1.207699] pci 0000:10:07.0: PME# supported from D0 D3hot D3cold
Jan 10 09:54:07 mightymoose kernel: [    1.207704] pci 0000:10:07.0: PME# disabled
Jan 10 09:54:07 mightymoose kernel: [    1.207745] pci 0000:10:08.0: [10b5:8608] type 1 class 0x000604
Jan 10 09:54:07 mightymoose kernel: [    1.207860] pci 0000:10:08.0: PME# supported from D0 D3hot D3cold
Jan 10 09:54:07 mightymoose kernel: [    1.207864] pci 0000:10:08.0: PME# disabled
Jan 10 09:54:07 mightymoose kernel: [    1.207906] pci 0000:10:09.0: [10b5:8608] type 1 class 0x000604
Jan 10 09:54:07 mightymoose kernel: [    1.208021] pci 0000:10:09.0: PME# supported from D0 D3hot D3cold
Jan 10 09:54:07 mightymoose kernel: [    1.208025] pci 0000:10:09.0: PME# disabled
Jan 10 09:54:07 mightymoose kernel: [    1.208081] pci 0000:0f:00.0: PCI bridge to [bus 10-17]
Jan 10 09:54:07 mightymoose kernel: [    1.208088] pci 0000:0f:00.0:   bridge window [io  0x8000-0x9fff]
Jan 10 09:54:07 mightymoose kernel: [    1.208092] pci 0000:0f:00.0:   bridge window [mem 0xf6b00000-0xf6efffff]
Jan 10 09:54:07 mightymoose kernel: [    1.208195] pci 0000:11:00.0: [1b21:1042] type 0 class 0x000c03
Jan 10 09:54:07 mightymoose kernel: [    1.208229] pci 0000:11:00.0: reg 10: [mem 0xf6e00000-0xf6e07fff 64bit]
Jan 10 09:54:07 mightymoose kernel: [    1.208400] pci 0000:11:00.0: PME# supported from D3hot D3cold
Jan 10 09:54:07 mightymoose kernel: [    1.208405] pci 0000:11:00.0: PME# disabled
Jan 10 09:54:07 mightymoose kernel: [    1.214830] pci 0000:10:01.0: PCI bridge to [bus 11-11]
Jan 10 09:54:07 mightymoose kernel: [    1.214840] pci 0000:10:01.0:   bridge window [mem 0xf6e00000-0xf6efffff]
Jan 10 09:54:07 mightymoose kernel: [    1.214941] pci 0000:12:00.0: [1106:3403] type 0 class 0x000c00
Jan 10 09:54:07 mightymoose kernel: [    1.214971] pci 0000:12:00.0: reg 10: [mem 0xf6d00000-0xf6d007ff 64bit]
Jan 10 09:54:07 mightymoose kernel: [    1.214987] pci 0000:12:00.0: reg 18: [io  0x9000-0x90ff]
Jan 10 09:54:07 mightymoose kernel: [    1.215122] pci 0000:12:00.0: supports D2
Jan 10 09:54:07 mightymoose kernel: [    1.215123] pci 0000:12:00.0: PME# supported from D2 D3hot D3cold
Jan 10 09:54:07 mightymoose kernel: [    1.215129] pci 0000:12:00.0: PME# disabled
Jan 10 09:54:07 mightymoose kernel: [    1.222815] pci 0000:10:04.0: PCI bridge to [bus 12-12]
Jan 10 09:54:07 mightymoose kernel: [    1.222823] pci 0000:10:04.0:   bridge window [io  0x9000-0x9fff]
Jan 10 09:54:07 mightymoose kernel: [    1.222827] pci 0000:10:04.0:   bridge window [mem 0xf6d00000-0xf6dfffff]
Jan 10 09:54:07 mightymoose kernel: [    1.222926] pci 0000:13:00.0: [1b21:0612] type 0 class 0x000106
Jan 10 09:54:07 mightymoose kernel: [    1.222948] pci 0000:13:00.0: reg 10: [io  0x8050-0x8057]
Jan 10 09:54:07 mightymoose kernel: [    1.222963] pci 0000:13:00.0: reg 14: [io  0x8040-0x8043]
Jan 10 09:54:07 mightymoose kernel: [    1.222978] pci 0000:13:00.0: reg 18: [io  0x8030-0x8037]
Jan 10 09:54:07 mightymoose kernel: [    1.222993] pci 0000:13:00.0: reg 1c: [io  0x8020-0x8023]
Jan 10 09:54:07 mightymoose kernel: [    1.223008] pci 0000:13:00.0: reg 20: [io  0x8000-0x801f]
Jan 10 09:54:07 mightymoose kernel: [    1.223024] pci 0000:13:00.0: reg 24: [mem 0xf6c00000-0xf6c001ff]
Jan 10 09:54:07 mightymoose kernel: [    1.230798] pci 0000:10:05.0: PCI bridge to [bus 13-13]
Jan 10 09:54:07 mightymoose kernel: [    1.230806] pci 0000:10:05.0:   bridge window [io  0x8000-0x8fff]
Jan 10 09:54:07 mightymoose kernel: [    1.230810] pci 0000:10:05.0:   bridge window [mem 0xf6c00000-0xf6cfffff]
Jan 10 09:54:07 mightymoose kernel: [    1.230886] pci 0000:10:06.0: PCI bridge to [bus 14-14]
Jan 10 09:54:07 mightymoose kernel: [    1.230969] pci 0000:10:07.0: PCI bridge to [bus 15-15]
Jan 10 09:54:07 mightymoose kernel: [    1.231083] pci 0000:16:00.0: [14e4:4359] type 0 class 0x000280
Jan 10 09:54:07 mightymoose kernel: [    1.231115] pci 0000:16:00.0: reg 10: [mem 0xf6b00000-0xf6b03fff 64bit]
Jan 10 09:54:07 mightymoose kernel: [    1.231289] pci 0000:16:00.0: supports D1 D2
Jan 10 09:54:07 mightymoose kernel: [    1.231290] pci 0000:16:00.0: PME# supported from D0 D3hot D3cold
Jan 10 09:54:07 mightymoose kernel: [    1.231295] pci 0000:16:00.0: PME# disabled
Jan 10 09:54:07 mightymoose kernel: [    1.238784] pci 0000:10:08.0: PCI bridge to [bus 16-16]
Jan 10 09:54:07 mightymoose kernel: [    1.238794] pci 0000:10:08.0:   bridge window [mem 0xf6b00000-0xf6bfffff]
Jan 10 09:54:07 mightymoose kernel: [    1.238870] pci 0000:10:09.0: PCI bridge to [bus 17-17]
Jan 10 09:54:07 mightymoose kernel: [    1.238995] pci 0000:18:00.0: [1b21:0612] type 0 class 0x000106
Jan 10 09:54:07 mightymoose kernel: [    1.239013] pci 0000:18:00.0: reg 10: [io  0xc050-0xc057]
Jan 10 09:54:07 mightymoose kernel: [    1.239025] pci 0000:18:00.0: reg 14: [io  0xc040-0xc043]
Jan 10 09:54:07 mightymoose kernel: [    1.239037] pci 0000:18:00.0: reg 18: [io  0xc030-0xc037]
Jan 10 09:54:07 mightymoose kernel: [    1.239050] pci 0000:18:00.0: reg 1c: [io  0xc020-0xc023]
Jan 10 09:54:07 mightymoose kernel: [    1.239062] pci 0000:18:00.0: reg 20: [io  0xc000-0xc01f]
Jan 10 09:54:07 mightymoose kernel: [    1.239075] pci 0000:18:00.0: reg 24: [mem 0xf7000000-0xf70001ff]
Jan 10 09:54:07 mightymoose kernel: [    1.246762] pci 0000:00:1c.7: PCI bridge to [bus 18-18]
Jan 10 09:54:07 mightymoose kernel: [    1.246766] pci 0000:00:1c.7:   bridge window [io  0xc000-0xcfff]
Jan 10 09:54:07 mightymoose kernel: [    1.246768] pci 0000:00:1c.7:   bridge window [mem 0xf7000000-0xf70fffff]
Jan 10 09:54:07 mightymoose kernel: [    1.246798] ACPI: PCI Interrupt Routing Table [\_SB_.PCI0._PRT]
Jan 10 09:54:07 mightymoose kernel: [    1.246897] ACPI: PCI Interrupt Routing Table [\_SB_.PCI0.RP01._PRT]
Jan 10 09:54:07 mightymoose kernel: [    1.246924] ACPI: PCI Interrupt Routing Table [\_SB_.PCI0.RP05._PRT]
Jan 10 09:54:07 mightymoose kernel: [    1.246946] ACPI: PCI Interrupt Routing Table [\_SB_.PCI0.RP08._PRT]
Jan 10 09:54:07 mightymoose kernel: [    1.246966] ACPI: PCI Interrupt Routing Table [\_SB_.PCI0.PEG0._PRT]
Jan 10 09:54:07 mightymoose kernel: [    1.246986] ACPI: PCI Interrupt Routing Table [\_SB_.PCI0.PEG1._PRT]
Jan 10 09:54:07 mightymoose kernel: [    1.247007] ACPI: PCI Interrupt Routing Table [\_SB_.PCI0.RP07._PRT]
Jan 10 09:54:07 mightymoose kernel: [    1.247119]  pci0000:00: Requesting ACPI _OSC control (0x1d)
Jan 10 09:54:07 mightymoose kernel: [    1.247240]  pci0000:00: ACPI _OSC control (0x18) granted
Jan 10 09:54:07 mightymoose kernel: [    1.250642] ACPI: PCI Interrupt Link [LNKA] (IRQs 3 4 5 6 10 *11 12 14 15)
Jan 10 09:54:07 mightymoose kernel: [    1.250672] ACPI: PCI Interrupt Link [LNKB] (IRQs 3 4 5 6 *10 11 12 14 15)
Jan 10 09:54:07 mightymoose kernel: [    1.250700] ACPI: PCI Interrupt Link [LNKC] (IRQs 3 4 5 6 10 *11 12 14 15)
Jan 10 09:54:07 mightymoose kernel: [    1.250727] ACPI: PCI Interrupt Link [LNKD] (IRQs 3 4 5 6 *10 11 12 14 15)
Jan 10 09:54:07 mightymoose kernel: [    1.250759] ACPI: PCI Interrupt Link [LNKE] (IRQs 3 *4 5 6 10 11 12 14 15)
Jan 10 09:54:07 mightymoose kernel: [    1.250786] ACPI: PCI Interrupt Link [LNKF] (IRQs 3 4 *5 6 10 11 12 14 15)
Jan 10 09:54:07 mightymoose kernel: [    1.250815] ACPI: PCI Interrupt Link [LNKG] (IRQs *3 4 5 6 10 11 12 14 15)
Jan 10 09:54:07 mightymoose kernel: [    1.250842] ACPI: PCI Interrupt Link [LNKH] (IRQs 3 4 *5 6 10 11 12 14 15)
Jan 10 09:54:07 mightymoose kernel: [    1.250912] vgaarb: device added: PCI:0000:01:00.0,decodes=io+mem,owns=io+mem,locks=none
Jan 10 09:54:07 mightymoose kernel: [    1.250917] vgaarb: loaded
Jan 10 09:54:07 mightymoose kernel: [    1.250917] vgaarb: bridge control possible 0000:01:00.0
Jan 10 09:54:07 mightymoose kernel: [    1.250973] i2c-core: driver [aat2870] using legacy suspend method
Jan 10 09:54:07 mightymoose kernel: [    1.250974] i2c-core: driver [aat2870] using legacy resume method
Jan 10 09:54:07 mightymoose kernel: [    1.251008] SCSI subsystem initialized
Jan 10 09:54:07 mightymoose kernel: [    1.251040] libata version 3.00 loaded.
Jan 10 09:54:07 mightymoose kernel: [    1.251064] usbcore: registered new interface driver usbfs
Jan 10 09:54:07 mightymoose kernel: [    1.251070] usbcore: registered new interface driver hub
Jan 10 09:54:07 mightymoose kernel: [    1.251081] usbcore: registered new device driver usb
Jan 10 09:54:07 mightymoose kernel: [    1.251126] PCI: Using ACPI for IRQ routing
Jan 10 09:54:07 mightymoose kernel: [    1.252576] PCI: pci_cache_line_size set to 64 bytes
Jan 10 09:54:07 mightymoose kernel: [    1.252681] reserve RAM buffer: 000000000009c800 - 000000000009ffff 
Jan 10 09:54:07 mightymoose kernel: [    1.252682] reserve RAM buffer: 00000000dce1a000 - 00000000dfffffff 
Jan 10 09:54:07 mightymoose kernel: [    1.252684] reserve RAM buffer: 00000000de7dc000 - 00000000dfffffff 
Jan 10 09:54:07 mightymoose kernel: [    1.252686] reserve RAM buffer: 00000000dec41000 - 00000000dfffffff 
Jan 10 09:54:07 mightymoose kernel: [    1.252687] reserve RAM buffer: 00000000df000000 - 00000000dfffffff 
Jan 10 09:54:07 mightymoose kernel: [    1.252688] reserve RAM buffer: 000000021f000000 - 000000021fffffff 
Jan 10 09:54:07 mightymoose kernel: [    1.252744] NetLabel: Initializing
Jan 10 09:54:07 mightymoose kernel: [    1.252745] NetLabel:  domain hash size = 128
Jan 10 09:54:07 mightymoose kernel: [    1.252746] NetLabel:  protocols = UNLABELED CIPSOv4
Jan 10 09:54:07 mightymoose kernel: [    1.252752] NetLabel:  unlabeled traffic allowed by default
Jan 10 09:54:07 mightymoose kernel: [    1.252777] hpet0: at MMIO 0xfed00000, IRQs 2, 8, 0, 0, 0, 0, 0, 0
Jan 10 09:54:07 mightymoose kernel: [    1.252781] hpet0: 8 comparators, 64-bit 14.318180 MHz counter
Jan 10 09:54:07 mightymoose kernel: [    1.254793] Switching to clocksource hpet
Jan 10 09:54:07 mightymoose kernel: [    1.258512] AppArmor: AppArmor Filesystem Enabled
Jan 10 09:54:07 mightymoose kernel: [    1.258525] pnp: PnP ACPI init
Jan 10 09:54:07 mightymoose kernel: [    1.258535] ACPI: bus type pnp registered
Jan 10 09:54:07 mightymoose kernel: [    1.258716] pnp 00:00: [bus 00-3e]
Jan 10 09:54:07 mightymoose kernel: [    1.258718] pnp 00:00: [io  0x0000-0x0cf7 window]
Jan 10 09:54:07 mightymoose kernel: [    1.258719] pnp 00:00: [io  0x0cf8-0x0cff]
Jan 10 09:54:07 mightymoose kernel: [    1.258720] pnp 00:00: [io  0x0d00-0xffff window]
Jan 10 09:54:07 mightymoose kernel: [    1.258721] pnp 00:00: [mem 0x000a0000-0x000bffff window]
Jan 10 09:54:07 mightymoose kernel: [    1.258723] pnp 00:00: [mem 0x000c0000-0x000c3fff window]
Jan 10 09:54:07 mightymoose kernel: [    1.258724] pnp 00:00: [mem 0x000c4000-0x000c7fff window]
Jan 10 09:54:07 mightymoose kernel: [    1.258739] pnp 00:00: [mem 0x000c8000-0x000cbfff window]
Jan 10 09:54:07 mightymoose kernel: [    1.258740] pnp 00:00: [mem 0x000cc000-0x000cffff window]
Jan 10 09:54:07 mightymoose kernel: [    1.258741] pnp 00:00: [mem 0x000d0000-0x000d3fff window]
Jan 10 09:54:07 mightymoose kernel: [    1.258742] pnp 00:00: [mem 0x000d4000-0x000d7fff window]
Jan 10 09:54:07 mightymoose kernel: [    1.258743] pnp 00:00: [mem 0x000d8000-0x000dbfff window]
Jan 10 09:54:07 mightymoose kernel: [    1.258745] pnp 00:00: [mem 0x000dc000-0x000dffff window]
Jan 10 09:54:07 mightymoose kernel: [    1.258746] pnp 00:00: [mem 0x000e0000-0x000e3fff window]
Jan 10 09:54:07 mightymoose kernel: [    1.258747] pnp 00:00: [mem 0x000e4000-0x000e7fff window]
Jan 10 09:54:07 mightymoose kernel: [    1.258748] pnp 00:00: [mem 0x000e8000-0x000ebfff window]
Jan 10 09:54:07 mightymoose kernel: [    1.258749] pnp 00:00: [mem 0x000ec000-0x000effff window]
Jan 10 09:54:07 mightymoose kernel: [    1.258751] pnp 00:00: [mem 0x000f0000-0x000fffff window]
Jan 10 09:54:07 mightymoose kernel: [    1.258752] pnp 00:00: [mem 0xe0000000-0xfeafffff window]
Jan 10 09:54:07 mightymoose kernel: [    1.258753] pnp 00:00: [mem 0x00010000-0x0001ffff window]
Jan 10 09:54:07 mightymoose kernel: [    1.258802] pnp 00:00: Plug and Play ACPI device, IDs PNP0a08 PNP0a03 (active)
Jan 10 09:54:07 mightymoose kernel: [    1.258820] pnp 00:01: [mem 0xfed40000-0xfed44fff]
Jan 10 09:54:07 mightymoose kernel: [    1.258851] system 00:01: [mem 0xfed40000-0xfed44fff] has been reserved
Jan 10 09:54:07 mightymoose kernel: [    1.258854] system 00:01: Plug and Play ACPI device, IDs PNP0c01 (active)
Jan 10 09:54:07 mightymoose kernel: [    1.258863] pnp 00:02: [io  0x0000-0x001f]
Jan 10 09:54:07 mightymoose kernel: [    1.258864] pnp 00:02: [io  0x0081-0x0091]
Jan 10 09:54:07 mightymoose kernel: [    1.258865] pnp 00:02: [io  0x0093-0x009f]
Jan 10 09:54:07 mightymoose kernel: [    1.258866] pnp 00:02: [io  0x00c0-0x00df]
Jan 10 09:54:07 mightymoose kernel: [    1.258867] pnp 00:02: [dma 4]
Jan 10 09:54:07 mightymoose kernel: [    1.258880] pnp 00:02: Plug and Play ACPI device, IDs PNP0200 (active)
Jan 10 09:54:07 mightymoose kernel: [    1.258885] pnp 00:03: [mem 0xff000000-0xffffffff]
Jan 10 09:54:07 mightymoose kernel: [    1.258897] pnp 00:03: Plug and Play ACPI device, IDs INT0800 (active)
Jan 10 09:54:07 mightymoose kernel: [    1.258949] pnp 00:04: [mem 0xfed00000-0xfed003ff]
Jan 10 09:54:07 mightymoose kernel: [    1.258961] pnp 00:04: Plug and Play ACPI device, IDs PNP0103 (active)
Jan 10 09:54:07 mightymoose kernel: [    1.258968] pnp 00:05: [io  0x002e-0x002f]
Jan 10 09:54:07 mightymoose kernel: [    1.258969] pnp 00:05: [io  0x004e-0x004f]
Jan 10 09:54:07 mightymoose kernel: [    1.258970] pnp 00:05: [io  0x0061]
Jan 10 09:54:07 mightymoose kernel: [    1.258971] pnp 00:05: [io  0x0063]
Jan 10 09:54:07 mightymoose kernel: [    1.258972] pnp 00:05: [io  0x0065]
Jan 10 09:54:07 mightymoose kernel: [    1.258973] pnp 00:05: [io  0x0067]
Jan 10 09:54:07 mightymoose kernel: [    1.258973] pnp 00:05: [io  0x0070]
Jan 10 09:54:07 mightymoose kernel: [    1.258974] pnp 00:05: [io  0x0080]
Jan 10 09:54:07 mightymoose kernel: [    1.258975] pnp 00:05: [io  0x0092]
Jan 10 09:54:07 mightymoose kernel: [    1.258976] pnp 00:05: [io  0x00b2-0x00b3]
Jan 10 09:54:07 mightymoose kernel: [    1.258977] pnp 00:05: [io  0x0680-0x069f]
Jan 10 09:54:07 mightymoose kernel: [    1.258978] pnp 00:05: [io  0x1000-0x100f]
Jan 10 09:54:07 mightymoose kernel: [    1.258979] pnp 00:05: [io  0xffff]
Jan 10 09:54:07 mightymoose kernel: [    1.258980] pnp 00:05: [io  0xffff]
Jan 10 09:54:07 mightymoose kernel: [    1.258982] pnp 00:05: [io  0x0400-0x0453]
Jan 10 09:54:07 mightymoose kernel: [    1.258983] pnp 00:05: [io  0x0458-0x047f]
Jan 10 09:54:07 mightymoose kernel: [    1.258984] pnp 00:05: [io  0x0500-0x057f]
Jan 10 09:54:07 mightymoose kernel: [    1.258985] pnp 00:05: [io  0x164e-0x164f]
Jan 10 09:54:07 mightymoose kernel: [    1.259016] system 00:05: [io  0x0680-0x069f] has been reserved
Jan 10 09:54:07 mightymoose kernel: [    1.259018] system 00:05: [io  0x1000-0x100f] has been reserved
Jan 10 09:54:07 mightymoose kernel: [    1.259019] system 00:05: [io  0xffff] has been reserved
Jan 10 09:54:07 mightymoose kernel: [    1.259021] system 00:05: [io  0xffff] has been reserved
Jan 10 09:54:07 mightymoose kernel: [    1.259022] system 00:05: [io  0x0400-0x0453] has been reserved
Jan 10 09:54:07 mightymoose kernel: [    1.259023] system 00:05: [io  0x0458-0x047f] has been reserved
Jan 10 09:54:07 mightymoose kernel: [    1.259025] system 00:05: [io  0x0500-0x057f] has been reserved
Jan 10 09:54:07 mightymoose kernel: [    1.259026] system 00:05: [io  0x164e-0x164f] has been reserved
Jan 10 09:54:07 mightymoose kernel: [    1.259028] system 00:05: Plug and Play ACPI device, IDs PNP0c02 (active)
Jan 10 09:54:07 mightymoose kernel: [    1.259033] pnp 00:06: [io  0x0070-0x0077]
Jan 10 09:54:07 mightymoose kernel: [    1.259039] pnp 00:06: [irq 8]
Jan 10 09:54:07 mightymoose kernel: [    1.259051] pnp 00:06: Plug and Play ACPI device, IDs PNP0b00 (active)
Jan 10 09:54:07 mightymoose kernel: [    1.259067] pnp 00:07: [io  0x0454-0x0457]
Jan 10 09:54:07 mightymoose kernel: [    1.259089] system 00:07: [io  0x0454-0x0457] has been reserved
Jan 10 09:54:07 mightymoose kernel: [    1.259091] system 00:07: Plug and Play ACPI device, IDs INT3f0d PNP0c02 (active)
Jan 10 09:54:07 mightymoose kernel: [    1.259129] pnp 00:08: [io  0x0000-0xffffffffffffffff disabled]
Jan 10 09:54:07 mightymoose kernel: [    1.259130] pnp 00:08: [io  0x0000-0xffffffffffffffff disabled]
Jan 10 09:54:07 mightymoose kernel: [    1.259132] pnp 00:08: [io  0x0000-0xffffffffffffffff disabled]
Jan 10 09:54:07 mightymoose kernel: [    1.259133] pnp 00:08: [io  0x0290-0x029f]
Jan 10 09:54:07 mightymoose kernel: [    1.259134] pnp 00:08: [io  0x0000-0xffffffffffffffff disabled]
Jan 10 09:54:07 mightymoose kernel: [    1.259159] system 00:08: [io  0x0290-0x029f] has been reserved
Jan 10 09:54:07 mightymoose kernel: [    1.259161] system 00:08: Plug and Play ACPI device, IDs PNP0c02 (active)
Jan 10 09:54:07 mightymoose kernel: [    1.259175] pnp 00:09: [io  0x0010-0x001f]
Jan 10 09:54:07 mightymoose kernel: [    1.259176] pnp 00:09: [io  0x0022-0x003f]
Jan 10 09:54:07 mightymoose kernel: [    1.259177] pnp 00:09: [io  0x0044-0x005f]
Jan 10 09:54:07 mightymoose kernel: [    1.259178] pnp 00:09: [io  0x0063]
Jan 10 09:54:07 mightymoose kernel: [    1.259179] pnp 00:09: [io  0x0065]
Jan 10 09:54:07 mightymoose kernel: [    1.259180] pnp 00:09: [io  0x0067-0x006f]
Jan 10 09:54:07 mightymoose kernel: [    1.259181] pnp 00:09: [io  0x0072-0x007f]
Jan 10 09:54:07 mightymoose kernel: [    1.259182] pnp 00:09: [io  0x0080]
Jan 10 09:54:07 mightymoose kernel: [    1.259183] pnp 00:09: [io  0x0084-0x0086]
Jan 10 09:54:07 mightymoose kernel: [    1.259184] pnp 00:09: [io  0x0088]
Jan 10 09:54:07 mightymoose kernel: [    1.259185] pnp 00:09: [io  0x008c-0x008e]
Jan 10 09:54:07 mightymoose kernel: [    1.259186] pnp 00:09: [io  0x0090-0x009f]
Jan 10 09:54:07 mightymoose kernel: [    1.259187] pnp 00:09: [io  0x00a2-0x00bf]
Jan 10 09:54:07 mightymoose kernel: [    1.259188] pnp 00:09: [io  0x00e0-0x00ef]
Jan 10 09:54:07 mightymoose kernel: [    1.259189] pnp 00:09: [io  0x04d0-0x04d1]
Jan 10 09:54:07 mightymoose kernel: [    1.259218] system 00:09: [io  0x04d0-0x04d1] has been reserved
Jan 10 09:54:07 mightymoose kernel: [    1.259220] system 00:09: Plug and Play ACPI device, IDs PNP0c02 (active)
Jan 10 09:54:07 mightymoose kernel: [    1.259225] pnp 00:0a: [io  0x00f0-0x00ff]
Jan 10 09:54:07 mightymoose kernel: [    1.259229] pnp 00:0a: [irq 13]
Jan 10 09:54:07 mightymoose kernel: [    1.259242] pnp 00:0a: Plug and Play ACPI device, IDs PNP0c04 (active)
Jan 10 09:54:07 mightymoose kernel: [    1.259388] pnp 00:0b: [mem 0xfed1c000-0xfed1ffff]
Jan 10 09:54:07 mightymoose kernel: [    1.259389] pnp 00:0b: [mem 0xfed10000-0xfed17fff]
Jan 10 09:54:07 mightymoose kernel: [    1.259390] pnp 00:0b: [mem 0xfed18000-0xfed18fff]
Jan 10 09:54:07 mightymoose kernel: [    1.259391] pnp 00:0b: [mem 0xfed19000-0xfed19fff]
Jan 10 09:54:07 mightymoose kernel: [    1.259392] pnp 00:0b: [mem 0xf8000000-0xfbffffff]
Jan 10 09:54:07 mightymoose kernel: [    1.259393] pnp 00:0b: [mem 0xfed20000-0xfed3ffff]
Jan 10 09:54:07 mightymoose kernel: [    1.259394] pnp 00:0b: [mem 0xfed90000-0xfed93fff]
Jan 10 09:54:07 mightymoose kernel: [    1.259395] pnp 00:0b: [mem 0xfed45000-0xfed8ffff]
Jan 10 09:54:07 mightymoose kernel: [    1.259397] pnp 00:0b: [mem 0xff000000-0xffffffff]
Jan 10 09:54:07 mightymoose kernel: [    1.259398] pnp 00:0b: [mem 0xfee00000-0xfeefffff]
Jan 10 09:54:07 mightymoose kernel: [    1.259399] pnp 00:0b: [mem 0xe0000000-0xe0000fff]
Jan 10 09:54:07 mightymoose kernel: [    1.259438] system 00:0b: [mem 0xfed1c000-0xfed1ffff] has been reserved
Jan 10 09:54:07 mightymoose kernel: [    1.259440] system 00:0b: [mem 0xfed10000-0xfed17fff] has been reserved
Jan 10 09:54:07 mightymoose kernel: [    1.259441] system 00:0b: [mem 0xfed18000-0xfed18fff] has been reserved
Jan 10 09:54:07 mightymoose kernel: [    1.259442] system 00:0b: [mem 0xfed19000-0xfed19fff] has been reserved
Jan 10 09:54:07 mightymoose kernel: [    1.259444] system 00:0b: [mem 0xf8000000-0xfbffffff] has been reserved
Jan 10 09:54:07 mightymoose kernel: [    1.259445] system 00:0b: [mem 0xfed20000-0xfed3ffff] has been reserved
Jan 10 09:54:07 mightymoose kernel: [    1.259447] system 00:0b: [mem 0xfed90000-0xfed93fff] has been reserved
Jan 10 09:54:07 mightymoose kernel: [    1.259448] system 00:0b: [mem 0xfed45000-0xfed8ffff] has been reserved
Jan 10 09:54:07 mightymoose kernel: [    1.259450] system 00:0b: [mem 0xff000000-0xffffffff] has been reserved
Jan 10 09:54:07 mightymoose kernel: [    1.259451] system 00:0b: [mem 0xfee00000-0xfeefffff] could not be reserved
Jan 10 09:54:07 mightymoose kernel: [    1.259453] system 00:0b: [mem 0xe0000000-0xe0000fff] has been reserved
Jan 10 09:54:07 mightymoose kernel: [    1.259454] system 00:0b: Plug and Play ACPI device, IDs PNP0c02 (active)
Jan 10 09:54:07 mightymoose kernel: [    1.259532] pnp: PnP ACPI: found 12 devices
Jan 10 09:54:07 mightymoose kernel: [    1.259533] ACPI: ACPI bus type pnp unregistered
Jan 10 09:54:07 mightymoose kernel: [    1.265260] PCI: max bus depth: 3 pci_try_num: 4
Jan 10 09:54:07 mightymoose kernel: [    1.265370] pci 0000:00:01.0: PCI bridge to [bus 01-01]
Jan 10 09:54:07 mightymoose kernel: [    1.265372] pci 0000:00:01.0:   bridge window [io  0xe000-0xefff]
Jan 10 09:54:07 mightymoose kernel: [    1.265374] pci 0000:00:01.0:   bridge window [mem 0xf5000000-0xf60fffff]
Jan 10 09:54:07 mightymoose kernel: [    1.265376] pci 0000:00:01.0:   bridge window [mem 0xe8000000-0xf1ffffff 64bit pref]
Jan 10 09:54:07 mightymoose kernel: [    1.265379] pci 0000:00:01.1: PCI bridge to [bus 02-02]
Jan 10 09:54:07 mightymoose kernel: [    1.265380] pci 0000:00:01.1:   bridge window [io  0xd000-0xdfff]
Jan 10 09:54:07 mightymoose kernel: [    1.265382] pci 0000:00:01.1:   bridge window [mem 0xf7200000-0xf72fffff]
Jan 10 09:54:07 mightymoose kernel: [    1.265385] pci 0000:00:1c.0: PCI bridge to [bus 03-0d]
Jan 10 09:54:07 mightymoose kernel: [    1.265388] pci 0000:00:1c.0:   bridge window [io  0xa000-0xbfff]
Jan 10 09:54:07 mightymoose kernel: [    1.265393] pci 0000:00:1c.0:   bridge window [mem 0xf6100000-0xf6afffff]
Jan 10 09:54:07 mightymoose kernel: [    1.265397] pci 0000:00:1c.0:   bridge window [mem 0xf2100000-0xf2afffff 64bit pref]
Jan 10 09:54:07 mightymoose kernel: [    1.265404] pci 0000:00:1c.4: PCI bridge to [bus 0e-0e]
Jan 10 09:54:07 mightymoose kernel: [    1.265408] pci 0000:00:1c.4:   bridge window [mem 0xf7100000-0xf71fffff]
Jan 10 09:54:07 mightymoose kernel: [    1.265415] pci 0000:10:01.0: PCI bridge to [bus 11-11]
Jan 10 09:54:07 mightymoose kernel: [    1.265421] pci 0000:10:01.0:   bridge window [mem 0xf6e00000-0xf6efffff]
Jan 10 09:54:07 mightymoose kernel: [    1.265431] pci 0000:10:04.0: PCI bridge to [bus 12-12]
Jan 10 09:54:07 mightymoose kernel: [    1.265434] pci 0000:10:04.0:   bridge window [io  0x9000-0x9fff]
Jan 10 09:54:07 mightymoose kernel: [    1.265440] pci 0000:10:04.0:   bridge window [mem 0xf6d00000-0xf6dfffff]
Jan 10 09:54:07 mightymoose kernel: [    1.265450] pci 0000:10:05.0: PCI bridge to [bus 13-13]
Jan 10 09:54:07 mightymoose kernel: [    1.265453] pci 0000:10:05.0:   bridge window [io  0x8000-0x8fff]
Jan 10 09:54:07 mightymoose kernel: [    1.265458] pci 0000:10:05.0:   bridge window [mem 0xf6c00000-0xf6cfffff]
Jan 10 09:54:07 mightymoose kernel: [    1.265469] pci 0000:10:06.0: PCI bridge to [bus 14-14]
Jan 10 09:54:07 mightymoose kernel: [    1.265483] pci 0000:10:07.0: PCI bridge to [bus 15-15]
Jan 10 09:54:07 mightymoose kernel: [    1.265498] pci 0000:10:08.0: PCI bridge to [bus 16-16]
Jan 10 09:54:07 mightymoose kernel: [    1.265504] pci 0000:10:08.0:   bridge window [mem 0xf6b00000-0xf6bfffff]
Jan 10 09:54:07 mightymoose kernel: [    1.265514] pci 0000:10:09.0: PCI bridge to [bus 17-17]
Jan 10 09:54:07 mightymoose kernel: [    1.265529] pci 0000:0f:00.0: PCI bridge to [bus 10-17]
Jan 10 09:54:07 mightymoose kernel: [    1.265531] pci 0000:0f:00.0:   bridge window [io  0x8000-0x9fff]
Jan 10 09:54:07 mightymoose kernel: [    1.265537] pci 0000:0f:00.0:   bridge window [mem 0xf6b00000-0xf6efffff]
Jan 10 09:54:07 mightymoose kernel: [    1.265547] pci 0000:00:1c.6: PCI bridge to [bus 0f-17]
Jan 10 09:54:07 mightymoose kernel: [    1.265549] pci 0000:00:1c.6:   bridge window [io  0x8000-0x9fff]
Jan 10 09:54:07 mightymoose kernel: [    1.265553] pci 0000:00:1c.6:   bridge window [mem 0xf6b00000-0xf6ffffff]
Jan 10 09:54:07 mightymoose kernel: [    1.265560] pci 0000:00:1c.7: PCI bridge to [bus 18-18]
Jan 10 09:54:07 mightymoose kernel: [    1.265562] pci 0000:00:1c.7:   bridge window [io  0xc000-0xcfff]
Jan 10 09:54:07 mightymoose kernel: [    1.265566] pci 0000:00:1c.7:   bridge window [mem 0xf7000000-0xf70fffff]
Jan 10 09:54:07 mightymoose kernel: [    1.265580] pci 0000:00:01.0: PCI INT A -> GSI 16 (level, low) -> IRQ 16
Jan 10 09:54:07 mightymoose kernel: [    1.265582] pci 0000:00:01.0: setting latency timer to 64
Jan 10 09:54:07 mightymoose kernel: [    1.265585] pci 0000:00:01.1: PCI INT A -> GSI 16 (level, low) -> IRQ 16
Jan 10 09:54:07 mightymoose kernel: [    1.265587] pci 0000:00:01.1: setting latency timer to 64
Jan 10 09:54:07 mightymoose kernel: [    1.265592] pci 0000:00:1c.0: PCI INT A -> GSI 16 (level, low) -> IRQ 16
Jan 10 09:54:07 mightymoose kernel: [    1.265596] pci 0000:00:1c.0: setting latency timer to 64
Jan 10 09:54:07 mightymoose kernel: [    1.265600] pci 0000:00:1c.4: PCI INT A -> GSI 16 (level, low) -> IRQ 16
Jan 10 09:54:07 mightymoose kernel: [    1.265603] pci 0000:00:1c.4: setting latency timer to 64
Jan 10 09:54:07 mightymoose kernel: [    1.265610] pci 0000:00:1c.6: PCI INT C -> GSI 18 (level, low) -> IRQ 18
Jan 10 09:54:07 mightymoose kernel: [    1.265613] pci 0000:00:1c.6: setting latency timer to 64
Jan 10 09:54:07 mightymoose kernel: [    1.265619] pci 0000:0f:00.0: PCI INT A -> GSI 18 (level, low) -> IRQ 18
Jan 10 09:54:07 mightymoose kernel: [    1.265624] pci 0000:0f:00.0: setting latency timer to 64
Jan 10 09:54:07 mightymoose kernel: [    1.265632] pci 0000:10:01.0: PCI INT A -> GSI 19 (level, low) -> IRQ 19
Jan 10 09:54:07 mightymoose kernel: [    1.265636] pci 0000:10:01.0: setting latency timer to 64
Jan 10 09:54:07 mightymoose kernel: [    1.265643] pci 0000:10:04.0: PCI INT A -> GSI 18 (level, low) -> IRQ 18
Jan 10 09:54:07 mightymoose kernel: [    1.265647] pci 0000:10:04.0: setting latency timer to 64
Jan 10 09:54:07 mightymoose kernel: [    1.265653] pci 0000:10:05.0: PCI INT A -> GSI 19 (level, low) -> IRQ 19
Jan 10 09:54:07 mightymoose kernel: [    1.265657] pci 0000:10:05.0: setting latency timer to 64
Jan 10 09:54:07 mightymoose kernel: [    1.265664] pci 0000:10:06.0: PCI INT A -> GSI 16 (level, low) -> IRQ 16
Jan 10 09:54:07 mightymoose kernel: [    1.265668] pci 0000:10:06.0: setting latency timer to 64
Jan 10 09:54:07 mightymoose kernel: [    1.265676] pci 0000:10:07.0: PCI INT A -> GSI 17 (level, low) -> IRQ 17
Jan 10 09:54:07 mightymoose kernel: [    1.265680] pci 0000:10:07.0: setting latency timer to 64
Jan 10 09:54:07 mightymoose kernel: [    1.265687] pci 0000:10:08.0: PCI INT A -> GSI 18 (level, low) -> IRQ 18
Jan 10 09:54:07 mightymoose kernel: [    1.265691] pci 0000:10:08.0: setting latency timer to 64
Jan 10 09:54:07 mightymoose kernel: [    1.265698] pci 0000:10:09.0: PCI INT A -> GSI 19 (level, low) -> IRQ 19
Jan 10 09:54:07 mightymoose kernel: [    1.265701] pci 0000:10:09.0: setting latency timer to 64
Jan 10 09:54:07 mightymoose kernel: [    1.265707] pci 0000:00:1c.7: PCI INT D -> GSI 19 (level, low) -> IRQ 19
Jan 10 09:54:07 mightymoose kernel: [    1.265710] pci 0000:00:1c.7: setting latency timer to 64
Jan 10 09:54:07 mightymoose kernel: [    1.265712] pci_bus 0000:00: resource 4 [io  0x0000-0x0cf7]
Jan 10 09:54:07 mightymoose kernel: [    1.265714] pci_bus 0000:00: resource 5 [io  0x0d00-0xffff]
Jan 10 09:54:07 mightymoose kernel: [    1.265715] pci_bus 0000:00: resource 6 [mem 0x000a0000-0x000bffff]
Jan 10 09:54:07 mightymoose kernel: [    1.265716] pci_bus 0000:00: resource 7 [mem 0x000d8000-0x000dbfff]
Jan 10 09:54:07 mightymoose kernel: [    1.265717] pci_bus 0000:00: resource 8 [mem 0x000dc000-0x000dffff]
Jan 10 09:54:07 mightymoose kernel: [    1.265719] pci_bus 0000:00: resource 9 [mem 0x000e0000-0x000e3fff]
Jan 10 09:54:07 mightymoose kernel: [    1.265720] pci_bus 0000:00: resource 10 [mem 0x000e4000-0x000e7fff]
Jan 10 09:54:07 mightymoose kernel: [    1.265721] pci_bus 0000:00: resource 11 [mem 0xe0000000-0xfeafffff]
Jan 10 09:54:07 mightymoose kernel: [    1.265722] pci_bus 0000:01: resource 0 [io  0xe000-0xefff]
Jan 10 09:54:07 mightymoose kernel: [    1.265724] pci_bus 0000:01: resource 1 [mem 0xf5000000-0xf60fffff]
Jan 10 09:54:07 mightymoose kernel: [    1.265725] pci_bus 0000:01: resource 2 [mem 0xe8000000-0xf1ffffff 64bit pref]
Jan 10 09:54:07 mightymoose kernel: [    1.265727] pci_bus 0000:02: resource 0 [io  0xd000-0xdfff]
Jan 10 09:54:07 mightymoose kernel: [    1.265728] pci_bus 0000:02: resource 1 [mem 0xf7200000-0xf72fffff]
Jan 10 09:54:07 mightymoose kernel: [    1.265729] pci_bus 0000:03: resource 0 [io  0xa000-0xbfff]
Jan 10 09:54:07 mightymoose kernel: [    1.265731] pci_bus 0000:03: resource 1 [mem 0xf6100000-0xf6afffff]
Jan 10 09:54:07 mightymoose kernel: [    1.265732] pci_bus 0000:03: resource 2 [mem 0xf2100000-0xf2afffff 64bit pref]
Jan 10 09:54:07 mightymoose kernel: [    1.265733] pci_bus 0000:0e: resource 1 [mem 0xf7100000-0xf71fffff]
Jan 10 09:54:07 mightymoose kernel: [    1.265735] pci_bus 0000:0f: resource 0 [io  0x8000-0x9fff]
Jan 10 09:54:07 mightymoose kernel: [    1.265736] pci_bus 0000:0f: resource 1 [mem 0xf6b00000-0xf6ffffff]
Jan 10 09:54:07 mightymoose kernel: [    1.265737] pci_bus 0000:10: resource 0 [io  0x8000-0x9fff]
Jan 10 09:54:07 mightymoose kernel: [    1.265739] pci_bus 0000:10: resource 1 [mem 0xf6b00000-0xf6efffff]
Jan 10 09:54:07 mightymoose kernel: [    1.265740] pci_bus 0000:11: resource 1 [mem 0xf6e00000-0xf6efffff]
Jan 10 09:54:07 mightymoose kernel: [    1.265741] pci_bus 0000:12: resource 0 [io  0x9000-0x9fff]
Jan 10 09:54:07 mightymoose kernel: [    1.265742] pci_bus 0000:12: resource 1 [mem 0xf6d00000-0xf6dfffff]
Jan 10 09:54:07 mightymoose kernel: [    1.265744] pci_bus 0000:13: resource 0 [io  0x8000-0x8fff]
Jan 10 09:54:07 mightymoose kernel: [    1.265745] pci_bus 0000:13: resource 1 [mem 0xf6c00000-0xf6cfffff]
Jan 10 09:54:07 mightymoose kernel: [    1.265746] pci_bus 0000:16: resource 1 [mem 0xf6b00000-0xf6bfffff]
Jan 10 09:54:07 mightymoose kernel: [    1.265748] pci_bus 0000:18: resource 0 [io  0xc000-0xcfff]
Jan 10 09:54:07 mightymoose kernel: [    1.265749] pci_bus 0000:18: resource 1 [mem 0xf7000000-0xf70fffff]
Jan 10 09:54:07 mightymoose kernel: [    1.265768] NET: Registered protocol family 2
Jan 10 09:54:07 mightymoose kernel: [    1.265881] IP route cache hash table entries: 262144 (order: 9, 2097152 bytes)
Jan 10 09:54:07 mightymoose kernel: [    1.266400] TCP established hash table entries: 524288 (order: 11, 8388608 bytes)
Jan 10 09:54:07 mightymoose kernel: [    1.267637] TCP bind hash table entries: 65536 (order: 8, 1048576 bytes)
Jan 10 09:54:07 mightymoose kernel: [    1.267795] TCP: Hash tables configured (established 524288 bind 65536)
Jan 10 09:54:07 mightymoose kernel: [    1.267796] TCP reno registered
Jan 10 09:54:07 mightymoose kernel: [    1.267804] UDP hash table entries: 4096 (order: 5, 131072 bytes)
Jan 10 09:54:07 mightymoose kernel: [    1.267831] UDP-Lite hash table entries: 4096 (order: 5, 131072 bytes)
Jan 10 09:54:07 mightymoose kernel: [    1.267897] NET: Registered protocol family 1
Jan 10 09:54:07 mightymoose kernel: [    1.267912] pci 0000:00:14.0: PCI INT A -> GSI 16 (level, low) -> IRQ 16
Jan 10 09:54:07 mightymoose kernel: [    1.267959] pci 0000:00:14.0: PCI INT A disabled
Jan 10 09:54:07 mightymoose kernel: [    1.267973] pci 0000:00:1a.0: PCI INT A -> GSI 20 (level, low) -> IRQ 20
Jan 10 09:54:07 mightymoose kernel: [    1.277220] Freeing initrd memory: 19744k freed
Jan 10 09:54:07 mightymoose kernel: [    1.286868] pci 0000:00:1a.0: PCI INT A disabled
Jan 10 09:54:07 mightymoose kernel: [    1.286893] pci 0000:00:1d.0: PCI INT A -> GSI 23 (level, low) -> IRQ 23
Jan 10 09:54:07 mightymoose kernel: [    1.306819] pci 0000:00:1d.0: PCI INT A disabled
Jan 10 09:54:07 mightymoose kernel: [    1.306836] pci 0000:01:00.0: Boot video device
Jan 10 09:54:07 mightymoose kernel: [    1.306852] pci 0000:0e:00.0: PCI INT A -> GSI 16 (level, low) -> IRQ 16
Jan 10 09:54:07 mightymoose kernel: [    1.306888] pci 0000:0e:00.0: PCI INT A disabled
Jan 10 09:54:07 mightymoose kernel: [    1.306914] pci 0000:11:00.0: PCI INT A -> GSI 19 (level, low) -> IRQ 19
Jan 10 09:54:07 mightymoose kernel: [    1.306954] pci 0000:11:00.0: PCI INT A disabled
Jan 10 09:54:07 mightymoose kernel: [    1.306968] PCI: CLS 64 bytes, default 64
Jan 10 09:54:07 mightymoose kernel: [    1.306969] PCI-DMA: Using software bounce buffering for IO (SWIOTLB)
Jan 10 09:54:07 mightymoose kernel: [    1.306970] Placing 64MB software IO TLB between ffff8800d8e1a000 - ffff8800dce1a000
Jan 10 09:54:07 mightymoose kernel: [    1.306972] software IO TLB at phys 0xd8e1a000 - 0xdce1a000
Jan 10 09:54:07 mightymoose kernel: [    1.307376] audit: initializing netlink socket (disabled)
Jan 10 09:54:07 mightymoose kernel: [    1.307383] type=2000 audit(1357811622.960:1): initialized
Jan 10 09:54:07 mightymoose kernel: [    1.322141] HugeTLB registered 2 MB page size, pre-allocated 0 pages
Jan 10 09:54:07 mightymoose kernel: [    1.323359] VFS: Disk quotas dquot_6.5.2
Jan 10 09:54:07 mightymoose kernel: [    1.323388] Dquot-cache hash table entries: 512 (order 0, 4096 bytes)
Jan 10 09:54:07 mightymoose kernel: [    1.323648] fuse init (API version 7.17)
Jan 10 09:54:07 mightymoose kernel: [    1.323696] msgmni has been set to 15841
Jan 10 09:54:07 mightymoose kernel: [    1.323875] Block layer SCSI generic (bsg) driver version 0.4 loaded (major 253)
Jan 10 09:54:07 mightymoose kernel: [    1.323890] io scheduler noop registered
Jan 10 09:54:07 mightymoose kernel: [    1.323891] io scheduler deadline registered
Jan 10 09:54:07 mightymoose kernel: [    1.323906] io scheduler cfq registered (default)
Jan 10 09:54:07 mightymoose kernel: [    1.323966] pcieport 0000:00:01.0: setting latency timer to 64
Jan 10 09:54:07 mightymoose kernel: [    1.323982] pcieport 0000:00:01.0: irq 40 for MSI/MSI-X
Jan 10 09:54:07 mightymoose kernel: [    1.324007] pcieport 0000:00:01.1: setting latency timer to 64
Jan 10 09:54:07 mightymoose kernel: [    1.324021] pcieport 0000:00:01.1: irq 41 for MSI/MSI-X
Jan 10 09:54:07 mightymoose kernel: [    1.324236] pcieport 0000:0f:00.0: setting latency timer to 64
Jan 10 09:54:07 mightymoose kernel: [    1.324295] pcieport 0000:0f:00.0: irq 42 for MSI/MSI-X
Jan 10 09:54:07 mightymoose kernel: [    1.324385] pcieport 0000:10:01.0: setting latency timer to 64
Jan 10 09:54:07 mightymoose kernel: [    1.324445] pcieport 0000:10:01.0: irq 43 for MSI/MSI-X
Jan 10 09:54:07 mightymoose kernel: [    1.324535] pcieport 0000:10:04.0: setting latency timer to 64
Jan 10 09:54:07 mightymoose kernel: [    1.324595] pcieport 0000:10:04.0: irq 44 for MSI/MSI-X
Jan 10 09:54:07 mightymoose kernel: [    1.324685] pcieport 0000:10:05.0: setting latency timer to 64
Jan 10 09:54:07 mightymoose kernel: [    1.324744] pcieport 0000:10:05.0: irq 45 for MSI/MSI-X
Jan 10 09:54:07 mightymoose kernel: [    1.324835] pcieport 0000:10:06.0: setting latency timer to 64
Jan 10 09:54:07 mightymoose kernel: [    1.324894] pcieport 0000:10:06.0: irq 46 for MSI/MSI-X
Jan 10 09:54:07 mightymoose kernel: [    1.324982] pcieport 0000:10:07.0: setting latency timer to 64
Jan 10 09:54:07 mightymoose kernel: [    1.325043] pcieport 0000:10:07.0: irq 47 for MSI/MSI-X
Jan 10 09:54:07 mightymoose kernel: [    1.325132] pcieport 0000:10:08.0: setting latency timer to 64
Jan 10 09:54:07 mightymoose kernel: [    1.325190] pcieport 0000:10:08.0: irq 48 for MSI/MSI-X
Jan 10 09:54:07 mightymoose kernel: [    1.325279] pcieport 0000:10:09.0: setting latency timer to 64
Jan 10 09:54:07 mightymoose kernel: [    1.325338] pcieport 0000:10:09.0: irq 49 for MSI/MSI-X
Jan 10 09:54:07 mightymoose kernel: [    1.325427] pci_hotplug: PCI Hot Plug PCI Core version: 0.5
Jan 10 09:54:07 mightymoose kernel: [    1.325441] pciehp: PCI Express Hot Plug Controller Driver version: 0.4
Jan 10 09:54:07 mightymoose kernel: [    1.325470] intel_idle: MWAIT substates: 0x1120
Jan 10 09:54:07 mightymoose kernel: [    1.325471] intel_idle: v0.4 model 0x2A
Jan 10 09:54:07 mightymoose kernel: [    1.325472] intel_idle: lapic_timer_reliable_states 0xffffffff
Jan 10 09:54:07 mightymoose kernel: [    1.325540] input: Power Button as /devices/LNXSYSTM:00/device:00/PNP0C0C:00/input/input0
Jan 10 09:54:07 mightymoose kernel: [    1.325544] ACPI: Power Button [PWRB]
Jan 10 09:54:07 mightymoose kernel: [    1.325567] input: Power Button as /devices/LNXSYSTM:00/LNXPWRBN:00/input/input1
Jan 10 09:54:07 mightymoose kernel: [    1.325568] ACPI: Power Button [PWRF]
Jan 10 09:54:07 mightymoose kernel: [    1.325616] ACPI: Fan [FAN0] (off)
Jan 10 09:54:07 mightymoose kernel: [    1.325635] ACPI: Fan [FAN1] (off)
Jan 10 09:54:07 mightymoose kernel: [    1.325652] ACPI: Fan [FAN2] (off)
Jan 10 09:54:07 mightymoose kernel: [    1.325668] ACPI: Fan [FAN3] (off)
Jan 10 09:54:07 mightymoose kernel: [    1.325685] ACPI: Fan [FAN4] (off)
Jan 10 09:54:07 mightymoose kernel: [    1.394788] thermal LNXTHERM:00: registered as thermal_zone0
Jan 10 09:54:07 mightymoose kernel: [    1.394789] ACPI: Thermal Zone [TZ00] (28 C)
Jan 10 09:54:07 mightymoose kernel: [    1.394900] thermal LNXTHERM:01: registered as thermal_zone1
Jan 10 09:54:07 mightymoose kernel: [    1.394901] ACPI: Thermal Zone [TZ01] (30 C)
Jan 10 09:54:07 mightymoose kernel: [    1.394923] ERST: Table is not found!
Jan 10 09:54:07 mightymoose kernel: [    1.394924] GHES: HEST is not enabled!
Jan 10 09:54:07 mightymoose kernel: [    1.394959] Serial: 8250/16550 driver, 32 ports, IRQ sharing enabled
Jan 10 09:54:07 mightymoose kernel: [    1.502819] Linux agpgart interface v0.103
Jan 10 09:54:07 mightymoose kernel: [    1.503659] brd: module loaded
Jan 10 09:54:07 mightymoose kernel: [    1.504046] loop: module loaded
Jan 10 09:54:07 mightymoose kernel: [    1.504109] ahci 0000:00:1f.2: version 3.0
Jan 10 09:54:07 mightymoose kernel: [    1.504115] ahci 0000:00:1f.2: PCI INT B -> GSI 17 (level, low) -> IRQ 17
Jan 10 09:54:07 mightymoose kernel: [    1.504150] ahci 0000:00:1f.2: irq 50 for MSI/MSI-X
Jan 10 09:54:07 mightymoose kernel: [    1.504171] ahci: SSS flag set, parallel bus scan disabled
Jan 10 09:54:07 mightymoose kernel: [    1.518416] ahci 0000:00:1f.2: AHCI 0001.0300 32 slots 6 ports 6 Gbps 0x1a impl SATA mode
Jan 10 09:54:07 mightymoose kernel: [    1.518419] ahci 0000:00:1f.2: flags: 64bit ncq stag led clo pio slum part ems sxs apst 
Jan 10 09:54:07 mightymoose kernel: [    1.518422] ahci 0000:00:1f.2: setting latency timer to 64
Jan 10 09:54:07 mightymoose kernel: [    1.534624] scsi0 : ahci
Jan 10 09:54:07 mightymoose kernel: [    1.534669] scsi1 : ahci
Jan 10 09:54:07 mightymoose kernel: [    1.534708] scsi2 : ahci
Jan 10 09:54:07 mightymoose kernel: [    1.534746] scsi3 : ahci
Jan 10 09:54:07 mightymoose kernel: [    1.534785] scsi4 : ahci
Jan 10 09:54:07 mightymoose kernel: [    1.534824] scsi5 : ahci
Jan 10 09:54:07 mightymoose kernel: [    1.534978] ata1: DUMMY
Jan 10 09:54:07 mightymoose kernel: [    1.534980] ata2: SATA max UDMA/133 abar m2048@0xf7336000 port 0xf7336180 irq 50
Jan 10 09:54:07 mightymoose kernel: [    1.534981] ata3: DUMMY
Jan 10 09:54:07 mightymoose kernel: [    1.534982] ata4: SATA max UDMA/133 abar m2048@0xf7336000 port 0xf7336280 irq 50
Jan 10 09:54:07 mightymoose kernel: [    1.534984] ata5: SATA max UDMA/133 abar m2048@0xf7336000 port 0xf7336300 irq 50
Jan 10 09:54:07 mightymoose kernel: [    1.534985] ata6: DUMMY
Jan 10 09:54:07 mightymoose kernel: [    1.535009] ahci 0000:13:00.0: PCI INT A -> GSI 19 (level, low) -> IRQ 19
Jan 10 09:54:07 mightymoose kernel: [    1.535067] ahci 0000:13:00.0: irq 51 for MSI/MSI-X
Jan 10 09:54:07 mightymoose kernel: [    1.535100] ahci: SSS flag set, parallel bus scan disabled
Jan 10 09:54:07 mightymoose kernel: [    1.535153] ahci 0000:13:00.0: AHCI 0001.0200 32 slots 2 ports 6 Gbps 0x3 impl SATA mode
Jan 10 09:54:07 mightymoose kernel: [    1.535155] ahci 0000:13:00.0: flags: 64bit ncq sntf stag led clo pmp pio slum part ccc sxs 
Jan 10 09:54:07 mightymoose kernel: [    1.535161] ahci 0000:13:00.0: setting latency timer to 64
Jan 10 09:54:07 mightymoose kernel: [    1.535322] scsi6 : ahci
Jan 10 09:54:07 mightymoose kernel: [    1.535362] scsi7 : ahci
Jan 10 09:54:07 mightymoose kernel: [    1.535388] ata7: SATA max UDMA/133 abar m512@0xf6c00000 port 0xf6c00100 irq 51
Jan 10 09:54:07 mightymoose kernel: [    1.535391] ata8: SATA max UDMA/133 abar m512@0xf6c00000 port 0xf6c00180 irq 51
Jan 10 09:54:07 mightymoose kernel: [    1.535402] ahci 0000:18:00.0: PCI INT A -> GSI 19 (level, low) -> IRQ 19
Jan 10 09:54:07 mightymoose kernel: [    1.535463] ahci 0000:18:00.0: irq 52 for MSI/MSI-X
Jan 10 09:54:07 mightymoose kernel: [    1.535485] ahci: SSS flag set, parallel bus scan disabled
Jan 10 09:54:07 mightymoose kernel: [    1.535520] ahci 0000:18:00.0: AHCI 0001.0200 32 slots 2 ports 6 Gbps 0x3 impl SATA mode
Jan 10 09:54:07 mightymoose kernel: [    1.535521] ahci 0000:18:00.0: flags: 64bit ncq sntf stag led clo pmp pio slum part ccc sxs 
Jan 10 09:54:07 mightymoose kernel: [    1.535526] ahci 0000:18:00.0: setting latency timer to 64
Jan 10 09:54:07 mightymoose kernel: [    1.535682] scsi8 : ahci
Jan 10 09:54:07 mightymoose kernel: [    1.535723] scsi9 : ahci
Jan 10 09:54:07 mightymoose kernel: [    1.535750] ata9: SATA max UDMA/133 abar m512@0xf7000000 port 0xf7000100 irq 52
Jan 10 09:54:07 mightymoose kernel: [    1.535753] ata10: SATA max UDMA/133 abar m512@0xf7000000 port 0xf7000180 irq 52
Jan 10 09:54:07 mightymoose kernel: [    1.535950] Fixed MDIO Bus: probed
Jan 10 09:54:07 mightymoose kernel: [    1.535960] tun: Universal TUN/TAP device driver, 1.6
Jan 10 09:54:07 mightymoose kernel: [    1.535961] tun: (C) 1999-2004 Max Krasnyansky <maxk@qualcomm.com>
Jan 10 09:54:07 mightymoose kernel: [    1.535986] PPP generic driver version 2.4.2
Jan 10 09:54:07 mightymoose kernel: [    1.536034] ehci_hcd: USB 2.0 'Enhanced' Host Controller (EHCI) Driver
Jan 10 09:54:07 mightymoose kernel: [    1.536043] ehci_hcd 0000:00:1a.0: PCI INT A -> GSI 20 (level, low) -> IRQ 20
Jan 10 09:54:07 mightymoose kernel: [    1.536053] ehci_hcd 0000:00:1a.0: setting latency timer to 64
Jan 10 09:54:07 mightymoose kernel: [    1.536055] ehci_hcd 0000:00:1a.0: EHCI Host Controller
Jan 10 09:54:07 mightymoose kernel: [    1.536078] ehci_hcd 0000:00:1a.0: new USB bus registered, assigned bus number 1
Jan 10 09:54:07 mightymoose kernel: [    1.536097] ehci_hcd 0000:00:1a.0: debug port 2
Jan 10 09:54:07 mightymoose kernel: [    1.539976] ehci_hcd 0000:00:1a.0: cache line size of 64 is not supported
Jan 10 09:54:07 mightymoose kernel: [    1.539985] ehci_hcd 0000:00:1a.0: irq 20, io mem 0xf7338000
Jan 10 09:54:07 mightymoose kernel: [    1.554332] ehci_hcd 0000:00:1a.0: USB 2.0 started, EHCI 1.00
Jan 10 09:54:07 mightymoose kernel: [    1.554402] hub 1-0:1.0: USB hub found
Jan 10 09:54:07 mightymoose kernel: [    1.554405] hub 1-0:1.0: 2 ports detected
Jan 10 09:54:07 mightymoose kernel: [    1.554441] ehci_hcd 0000:00:1d.0: PCI INT A -> GSI 23 (level, low) -> IRQ 23
Jan 10 09:54:07 mightymoose kernel: [    1.554450] ehci_hcd 0000:00:1d.0: setting latency timer to 64
Jan 10 09:54:07 mightymoose kernel: [    1.554452] ehci_hcd 0000:00:1d.0: EHCI Host Controller
Jan 10 09:54:07 mightymoose kernel: [    1.554477] ehci_hcd 0000:00:1d.0: new USB bus registered, assigned bus number 2
Jan 10 09:54:07 mightymoose kernel: [    1.554492] ehci_hcd 0000:00:1d.0: debug port 2
Jan 10 09:54:07 mightymoose kernel: [    1.558374] ehci_hcd 0000:00:1d.0: cache line size of 64 is not supported
Jan 10 09:54:07 mightymoose kernel: [    1.558383] ehci_hcd 0000:00:1d.0: irq 23, io mem 0xf7337000
Jan 10 09:54:07 mightymoose kernel: [    1.570300] ehci_hcd 0000:00:1d.0: USB 2.0 started, EHCI 1.00
Jan 10 09:54:07 mightymoose kernel: [    1.570356] hub 2-0:1.0: USB hub found
Jan 10 09:54:07 mightymoose kernel: [    1.570358] hub 2-0:1.0: 2 ports detected
Jan 10 09:54:07 mightymoose kernel: [    1.570392] ohci_hcd: USB 1.1 'Open' Host Controller (OHCI) Driver
Jan 10 09:54:07 mightymoose kernel: [    1.570399] uhci_hcd: USB Universal Host Controller Interface driver
Jan 10 09:54:07 mightymoose kernel: [    1.570415] xhci_hcd 0000:00:14.0: PCI INT A -> GSI 16 (level, low) -> IRQ 16
Jan 10 09:54:07 mightymoose kernel: [    1.570433] xhci_hcd 0000:00:14.0: setting latency timer to 64
Jan 10 09:54:07 mightymoose kernel: [    1.570435] xhci_hcd 0000:00:14.0: xHCI Host Controller
Jan 10 09:54:07 mightymoose kernel: [    1.570462] xhci_hcd 0000:00:14.0: new USB bus registered, assigned bus number 3
Jan 10 09:54:07 mightymoose kernel: [    1.570532] xhci_hcd 0000:00:14.0: cache line size of 64 is not supported
Jan 10 09:54:07 mightymoose kernel: [    1.570541] xhci_hcd 0000:00:14.0: irq 16, io mem 0xf7320000
Jan 10 09:54:07 mightymoose kernel: [    1.570579] xhci_hcd 0000:00:14.0: irq 53 for MSI/MSI-X
Jan 10 09:54:07 mightymoose kernel: [    1.570647] xHCI xhci_add_endpoint called for root hub
Jan 10 09:54:07 mightymoose kernel: [    1.570648] xHCI xhci_check_bandwidth called for root hub
Jan 10 09:54:07 mightymoose kernel: [    1.570660] hub 3-0:1.0: USB hub found
Jan 10 09:54:07 mightymoose kernel: [    1.570665] hub 3-0:1.0: 4 ports detected
Jan 10 09:54:07 mightymoose kernel: [    1.570702] xhci_hcd 0000:00:14.0: xHCI Host Controller
Jan 10 09:54:07 mightymoose kernel: [    1.570722] xhci_hcd 0000:00:14.0: new USB bus registered, assigned bus number 4
Jan 10 09:54:07 mightymoose kernel: [    1.570767] xHCI xhci_add_endpoint called for root hub
Jan 10 09:54:07 mightymoose kernel: [    1.570768] xHCI xhci_check_bandwidth called for root hub
Jan 10 09:54:07 mightymoose kernel: [    1.570779] hub 4-0:1.0: USB hub found
Jan 10 09:54:07 mightymoose kernel: [    1.570787] hub 4-0:1.0: 4 ports detected
Jan 10 09:54:07 mightymoose kernel: [    1.606248] xhci_hcd 0000:0e:00.0: PCI INT A -> GSI 16 (level, low) -> IRQ 16
Jan 10 09:54:07 mightymoose kernel: [    1.606265] xhci_hcd 0000:0e:00.0: setting latency timer to 64
Jan 10 09:54:07 mightymoose kernel: [    1.606268] xhci_hcd 0000:0e:00.0: xHCI Host Controller
Jan 10 09:54:07 mightymoose kernel: [    1.606297] xhci_hcd 0000:0e:00.0: new USB bus registered, assigned bus number 5
Jan 10 09:54:07 mightymoose kernel: [    1.667360] xhci_hcd 0000:0e:00.0: irq 16, io mem 0xf7100000
Jan 10 09:54:07 mightymoose kernel: [    1.667407] xhci_hcd 0000:0e:00.0: irq 54 for MSI/MSI-X
Jan 10 09:54:07 mightymoose kernel: [    1.667410] xhci_hcd 0000:0e:00.0: irq 55 for MSI/MSI-X
Jan 10 09:54:07 mightymoose kernel: [    1.667412] xhci_hcd 0000:0e:00.0: irq 56 for MSI/MSI-X
Jan 10 09:54:07 mightymoose kernel: [    1.667415] xhci_hcd 0000:0e:00.0: irq 57 for MSI/MSI-X
Jan 10 09:54:07 mightymoose kernel: [    1.667417] xhci_hcd 0000:0e:00.0: irq 58 for MSI/MSI-X
Jan 10 09:54:07 mightymoose kernel: [    1.667419] xhci_hcd 0000:0e:00.0: irq 59 for MSI/MSI-X
Jan 10 09:54:07 mightymoose kernel: [    1.667422] xhci_hcd 0000:0e:00.0: irq 60 for MSI/MSI-X
Jan 10 09:54:07 mightymoose kernel: [    1.667424] xhci_hcd 0000:0e:00.0: irq 61 for MSI/MSI-X
Jan 10 09:54:07 mightymoose kernel: [    1.667553] xHCI xhci_add_endpoint called for root hub
Jan 10 09:54:07 mightymoose kernel: [    1.667554] xHCI xhci_check_bandwidth called for root hub
Jan 10 09:54:07 mightymoose kernel: [    1.667570] hub 5-0:1.0: USB hub found
Jan 10 09:54:07 mightymoose kernel: [    1.667575] hub 5-0:1.0: 2 ports detected
Jan 10 09:54:07 mightymoose kernel: [    1.667611] xhci_hcd 0000:0e:00.0: xHCI Host Controller
Jan 10 09:54:07 mightymoose kernel: [    1.667633] xhci_hcd 0000:0e:00.0: new USB bus registered, assigned bus number 6
Jan 10 09:54:07 mightymoose kernel: [    1.667687] xHCI xhci_add_endpoint called for root hub
Jan 10 09:54:07 mightymoose kernel: [    1.667688] xHCI xhci_check_bandwidth called for root hub
Jan 10 09:54:07 mightymoose kernel: [    1.667702] hub 6-0:1.0: USB hub found
Jan 10 09:54:07 mightymoose kernel: [    1.667707] hub 6-0:1.0: 2 ports detected
Jan 10 09:54:07 mightymoose kernel: [    1.729998] xhci_hcd 0000:11:00.0: PCI INT A -> GSI 19 (level, low) -> IRQ 19
Jan 10 09:54:07 mightymoose kernel: [    1.730015] xhci_hcd 0000:11:00.0: setting latency timer to 64
Jan 10 09:54:07 mightymoose kernel: [    1.730019] xhci_hcd 0000:11:00.0: xHCI Host Controller
Jan 10 09:54:07 mightymoose kernel: [    1.730046] xhci_hcd 0000:11:00.0: new USB bus registered, assigned bus number 7
Jan 10 09:54:07 mightymoose kernel: [    1.791158] xhci_hcd 0000:11:00.0: irq 19, io mem 0xf6e00000
Jan 10 09:54:07 mightymoose kernel: [    1.791214] xhci_hcd 0000:11:00.0: irq 62 for MSI/MSI-X
Jan 10 09:54:07 mightymoose kernel: [    1.791218] xhci_hcd 0000:11:00.0: irq 63 for MSI/MSI-X
Jan 10 09:54:07 mightymoose kernel: [    1.791224] xhci_hcd 0000:11:00.0: irq 64 for MSI/MSI-X
Jan 10 09:54:07 mightymoose kernel: [    1.791226] xhci_hcd 0000:11:00.0: irq 65 for MSI/MSI-X
Jan 10 09:54:07 mightymoose kernel: [    1.791228] xhci_hcd 0000:11:00.0: irq 66 for MSI/MSI-X
Jan 10 09:54:07 mightymoose kernel: [    1.791231] xhci_hcd 0000:11:00.0: irq 67 for MSI/MSI-X
Jan 10 09:54:07 mightymoose kernel: [    1.791233] xhci_hcd 0000:11:00.0: irq 68 for MSI/MSI-X
Jan 10 09:54:07 mightymoose kernel: [    1.791235] xhci_hcd 0000:11:00.0: irq 69 for MSI/MSI-X
Jan 10 09:54:07 mightymoose kernel: [    1.791379] xHCI xhci_add_endpoint called for root hub
Jan 10 09:54:07 mightymoose kernel: [    1.791380] xHCI xhci_check_bandwidth called for root hub
Jan 10 09:54:07 mightymoose kernel: [    1.791394] hub 7-0:1.0: USB hub found
Jan 10 09:54:07 mightymoose kernel: [    1.791400] hub 7-0:1.0: 2 ports detected
Jan 10 09:54:07 mightymoose kernel: [    1.791439] xhci_hcd 0000:11:00.0: xHCI Host Controller
